Component: ARM Compiler 5.05 update 2 (build 169) Tool: armlink [4d0f33]

==============================================================================

Section Cross References

    main.o(.text) refers to misc.o(.text) for NVIC_PriorityGroupConfig
    main.o(.text) refers to delay.o(.text) for delay_init
    main.o(.text) refers to usart.o(.text) for uart_init
    main.o(.text) refers to pwm.o(.text) for initall_PWM
    main.o(.text) refers to led.o(.text) for LED_Init
    main.o(.text) refers to lcd.o(.text) for LCD_Init
    main.o(.text) refers to hctl2020.o(.text) for hctl2020_init
    main.o(.text) refers to remote.o(.text) for Remote_Init
    main.o(.text) refers to control.o(.text) for charge_init
    main.o(.text) refers to beep.o(.text) for BEEP_Init
    main.o(.text) refers to stm32f4xx_tim.o(.text) for TIM_SetCompare2
    main.o(.text) refers to timer.o(.text) for TIM2_Int_Init
    main.o(.text) refers to exti.o(.text) for EXTIX_Init
    main.o(.text) refers to stm32f4xx_gpio.o(.text) for GPIO_SetBits
    main.o(.text) refers to main.o(.data) for zhongquan_case
    main.o(.text) refers to control.o(.bss) for robot_zqd
    main.o(.text) refers to control.o(.data) for lankuang_state
    system_stm32f4xx.o(.text) refers to system_stm32f4xx.o(.data) for SystemCoreClock
    startup_stm32f40_41xxx.o(STACK) refers (Special) to heapauxi.o(.text) for __use_two_region_memory
    startup_stm32f40_41xxx.o(HEAP) refers (Special) to heapauxi.o(.text) for __use_two_region_memory
    startup_stm32f40_41xxx.o(RESET) refers (Special) to heapauxi.o(.text) for __use_two_region_memory
    startup_stm32f40_41xxx.o(RESET) refers to startup_stm32f40_41xxx.o(STACK) for __initial_sp
    startup_stm32f40_41xxx.o(RESET) refers to startup_stm32f40_41xxx.o(.text) for Reset_Handler
    startup_stm32f40_41xxx.o(RESET) refers to stm32f4xx_it.o(.text) for NMI_Handler
    startup_stm32f40_41xxx.o(RESET) refers to exti.o(.text) for EXTI0_IRQHandler
    startup_stm32f40_41xxx.o(RESET) refers to remote.o(.text) for TIM1_UP_TIM10_IRQHandler
    startup_stm32f40_41xxx.o(RESET) refers to timer.o(.text) for TIM2_IRQHandler
    startup_stm32f40_41xxx.o(RESET) refers to usart.o(.text) for USART1_IRQHandler
    startup_stm32f40_41xxx.o(.text) refers (Special) to heapauxi.o(.text) for __use_two_region_memory
    startup_stm32f40_41xxx.o(.text) refers to system_stm32f4xx.o(.text) for SystemInit
    startup_stm32f40_41xxx.o(.text) refers to __main.o(!!!main) for __main
    startup_stm32f40_41xxx.o(.text) refers to startup_stm32f40_41xxx.o(HEAP) for Heap_Mem
    startup_stm32f40_41xxx.o(.text) refers to startup_stm32f40_41xxx.o(STACK) for Stack_Mem
    stm32f4xx_adc.o(.text) refers to stm32f4xx_rcc.o(.text) for RCC_APB2PeriphResetCmd
    stm32f4xx_can.o(.text) refers to stm32f4xx_rcc.o(.text) for RCC_APB1PeriphResetCmd
    stm32f4xx_cryp.o(.text) refers to stm32f4xx_rcc.o(.text) for RCC_AHB2PeriphResetCmd
    stm32f4xx_cryp_aes.o(.text) refers to stm32f4xx_cryp.o(.text) for CRYP_KeyStructInit
    stm32f4xx_cryp_des.o(.text) refers to stm32f4xx_cryp.o(.text) for CRYP_KeyStructInit
    stm32f4xx_cryp_tdes.o(.text) refers to stm32f4xx_cryp.o(.text) for CRYP_KeyStructInit
    stm32f4xx_dac.o(.text) refers to stm32f4xx_rcc.o(.text) for RCC_APB1PeriphResetCmd
    stm32f4xx_dma2d.o(.text) refers to stm32f4xx_rcc.o(.text) for RCC_AHB1PeriphResetCmd
    stm32f4xx_fsmc.o(.text) refers to stm32f4xx_fsmc.o(.constdata) for FSMC_DefaultTimingStruct
    stm32f4xx_gpio.o(.text) refers to stm32f4xx_rcc.o(.text) for RCC_AHB1PeriphResetCmd
    stm32f4xx_hash.o(.text) refers to stm32f4xx_rcc.o(.text) for RCC_AHB2PeriphResetCmd
    stm32f4xx_hash_md5.o(.text) refers to stm32f4xx_hash.o(.text) for HASH_DeInit
    stm32f4xx_hash_sha1.o(.text) refers to stm32f4xx_hash.o(.text) for HASH_DeInit
    stm32f4xx_i2c.o(.text) refers to stm32f4xx_rcc.o(.text) for RCC_APB1PeriphResetCmd
    stm32f4xx_ltdc.o(.text) refers to stm32f4xx_rcc.o(.text) for RCC_APB2PeriphResetCmd
    stm32f4xx_pwr.o(.text) refers to stm32f4xx_rcc.o(.text) for RCC_APB1PeriphResetCmd
    stm32f4xx_rcc.o(.text) refers to stm32f4xx_rcc.o(.data) for APBAHBPrescTable
    stm32f4xx_rng.o(.text) refers to stm32f4xx_rcc.o(.text) for RCC_AHB2PeriphResetCmd
    stm32f4xx_sai.o(.text) refers to stm32f4xx_rcc.o(.text) for RCC_APB2PeriphResetCmd
    stm32f4xx_sdio.o(.text) refers to stm32f4xx_rcc.o(.text) for RCC_APB2PeriphResetCmd
    stm32f4xx_spi.o(.text) refers to stm32f4xx_rcc.o(.text) for RCC_APB2PeriphResetCmd
    stm32f4xx_syscfg.o(.text) refers to stm32f4xx_rcc.o(.text) for RCC_APB2PeriphResetCmd
    stm32f4xx_tim.o(.text) refers to stm32f4xx_rcc.o(.text) for RCC_APB2PeriphResetCmd
    stm32f4xx_usart.o(.text) refers to stm32f4xx_rcc.o(.text) for RCC_APB2PeriphResetCmd
    stm32f4xx_wwdg.o(.text) refers to stm32f4xx_rcc.o(.text) for RCC_APB1PeriphResetCmd
    delay.o(.text) refers to misc.o(.text) for SysTick_CLKSourceConfig
    delay.o(.text) refers to delay.o(.data) for fac_us
[...]
    x$fpl$dretinf                            0x080136b8   Section       12  dretinf.o(x$fpl$dretinf)
    $v0                                      0x080136b8   Number         0  dretinf.o(x$fpl$dretinf)
    x$fpl$drleqf                             0x080136c4   Section      108  drleqf.o(x$fpl$drleqf)
    $v0                                      0x080136c4   Number         0  drleqf.o(x$fpl$drleqf)
    x$fpl$drsb                               0x08013730   Section       22  daddsub_clz.o(x$fpl$drsb)
    $v0                                      0x08013730   Number         0  daddsub_clz.o(x$fpl$drsb)
    x$fpl$dsqrt                              0x08013748   Section      408  dsqrt_umaal.o(x$fpl$dsqrt)
    $v0                                      0x08013748   Number         0  dsqrt_umaal.o(x$fpl$dsqrt)
    x$fpl$dsub                               0x080138e0   Section      468  daddsub_clz.o(x$fpl$dsub)
    $v0                                      0x080138e0   Number         0  daddsub_clz.o(x$fpl$dsub)
    _dsub1                                   0x080138f1   Thumb Code     0  daddsub_clz.o(x$fpl$dsub)
    x$fpl$f2d                                0x08013ab4   Section       86  f2d.o(x$fpl$f2d)
    $v0                                      0x08013ab4   Number         0  f2d.o(x$fpl$f2d)
    x$fpl$fnaninf                            0x08013b0a   Section      140  fnaninf.o(x$fpl$fnaninf)
    $v0                                      0x08013b0a   Number         0  fnaninf.o(x$fpl$fnaninf)
    x$fpl$fpinit                             0x08013b96   Section       10  fpinit.o(x$fpl$fpinit)
    $v0                                      0x08013b96   Number         0  fpinit.o(x$fpl$fpinit)
    x$fpl$fretinf                            0x08013ba0   Section       10  fretinf.o(x$fpl$fretinf)
    $v0                                      0x08013ba0   Number         0  fretinf.o(x$fpl$fretinf)
    x$fpl$usenofp                            0x08013baa   Section        0  usenofp.o(x$fpl$usenofp)
    .constdata                               0x08013bac   Section       28  stm32f4xx_fsmc.o(.constdata)
    .constdata                               0x08013bc8   Section     6080  lcd.o(.constdata)
    .constdata                               0x08015388   Section       40  _printf_hex_int.o(.constdata)
    uc_hextab                                0x08015388   Data          20  _printf_hex_int.o(.constdata)
    lc_hextab                                0x0801539c   Data          20  _printf_hex_int.o(.constdata)
    .constdata                               0x080153b0   Section      152  atan.o(.constdata)
    atanhi                                   0x080153b0   Data          32  atan.o(.constdata)
    atanlo                                   0x080153d0   Data          32  atan.o(.constdata)
    aTodd                                    0x080153f0   Data          40  atan.o(.constdata)
    aTeven                                   0x08015418   Data          48  atan.o(.constdata)
    .constdata                               0x08015448   Section       48  cos_i.o(.constdata)
    C                                        0x08015448   Data          48  cos_i.o(.constdata)
    .constdata                               0x08015478   Section      200  rred.o(.constdata)
    pio2s                                    0x08015478   Data          48  rred.o(.constdata)
    twooverpi                                0x080154a8   Data         152  rred.o(.constdata)
    .constdata                               0x08015540   Section       40  sin_i.o(.constdata)
    S                                        0x08015540   Data          40  sin_i.o(.constdata)
    .data                                    0x20000000   Section        4  main.o(.data)
    .data                                    0x20000004   Section       20  system_stm32f4xx.o(.data)
    .data                                    0x20000018   Section       16  stm32f4xx_rcc.o(.data)
    APBAHBPrescTable                         0x20000018   Data          16  stm32f4xx_rcc.o(.data)
    .data                                    0x20000028   Section        4  delay.o(.data)
    fac_us                                   0x20000028   Data           1  delay.o(.data)
    fac_ms                                   0x2000002a   Data           2  delay.o(.data)
    .data                                    0x2000002c   Section       19  usart.o(.data)
    .data                                    0x2000003f   Section        3  timer.o(.data)
    .data                                    0x20000042   Section        4  lcd.o(.data)
    .data                                    0x20000048   Section       25  control.o(.data)
    .data                                    0x20000064   Section        9  remote.o(.data)
    .bss                                     0x20000070   Section      600  usart.o(.bss)
    .bss                                     0x200002c8   Section       14  lcd.o(.bss)
    .bss                                     0x200002d8   Section       68  control.o(.bss)
    .bss                                     0x2000031c   Section       96  libspace.o(.bss)
    HEAP                                     0x20000380   Section      512  startup_stm32f40_41xxx.o(HEAP)
    Heap_Mem                                 0x20000380   Data         512  startup_stm32f40_41xxx.o(HEAP)
    STACK                                    0x20000580   Section     1024  startup_stm32f40_41xxx.o(STACK)
    Stack_Mem                                0x20000580   Data        1024  startup_stm32f40_41xxx.o(STACK)
    __initial_sp                             0x20000980   Data           0  startup_stm32f40_41xxx.o(STACK)

    Global Symbols

    Symbol Name                              Value     Ov Type        Size  Object(Section)

    BuildAttributes$$THM_ISAv4$E$P$D$K$B$S$7EM$VFPi3$EXTD16$VFPS$VFMA$PE$A:L22UL41UL21$X:L11$S22US41US21$IEEE1$IW$USESV6$~STKCKD$USESV7$~SHL$OTIME$ROPI$IEEEX$EBA8$UX$STANDARDLIB$REQ8$PRES8$EABIv2 0x00000000   Number         0  anon$$obj.o ABSOLUTE
    __ARM_use_no_argv                        0x00000000   Number         0  main.o ABSOLUTE
    __ARM_exceptions_init                     - Undefined Weak Reference
    __alloca_initialize                       - Undefined Weak Reference
    __arm_preinit_                            - Undefined Weak Reference
    __cpp_initialize__aeabi_                  - Undefined Weak Reference
    __cxa_finalize                            - Undefined Weak Reference
    __rt_locale                               - Undefined Weak Reference
    __sigvec_lookup                           - Undefined Weak Reference
    _atexit_init                              - Undefined Weak Reference
    _call_atexit_fns                          - Undefined Weak Reference
    _clock_init                               - Undefined Weak Reference
    _fp_trap_init                             - Undefined Weak Reference
    _fp_trap_shutdown                         - Undefined Weak Reference
    _get_lc_collate                           - Undefined Weak Reference
    _get_lc_ctype                             - Undefined Weak Reference
    _get_lc_monetary                          - Undefined Weak Reference
    _get_lc_numeric                           - Undefined Weak Reference
    _get_lc_time                              - Undefined Weak Reference
    _getenv_init                              - Undefined Weak Reference
    _handle_redirection                       - Undefined Weak Reference
    _init_alloc                               - Undefined Weak Reference
    _init_user_alloc                          - Undefined Weak Reference
    _initio                                   - Undefined Weak Reference
    _mutex_acquire                            - Undefined Weak Reference
    _mutex_release                            - Undefined Weak Reference
    _printf_post_padding                      - Undefined Weak Reference
    _printf_pre_padding                       - Undefined Weak Reference
    _printf_truncate_unsigned                 - Undefined Weak Reference
    _rand_init                                - Undefined Weak Reference
    _signal_finish                            - Undefined Weak Reference
    _signal_init                              - Undefined Weak Reference
    _terminate_alloc                          - Undefined Weak Reference
    _terminate_user_alloc                     - Undefined Weak Reference
    _terminateio                              - Undefined Weak Reference
    __Vectors_Size                           0x00000188   Number         0  startup_stm32f40_41xxx.o ABSOLUTE
    __Vectors                                0x08000000   Data           4  startup_stm32f40_41xxx.o(RESET)
    __Vectors_End                            0x08000188   Data           0  startup_stm32f40_41xxx.o(RESET)
    __main                                   0x08000189   Thumb Code     8  __main.o(!!!main)
    __scatterload                            0x08000191   Thumb Code     0  __scatter.o(!!!scatter)
    __scatterload_rt2                        0x08000191   Thumb Code    44  __scatter.o(!!!scatter)
    __scatterload_rt2_thumb_only             0x08000191   Thumb Code     0  __scatter.o(!!!scatter)
    __scatterload_null                       0x0800019f   Thumb Code     0  __scatter.o(!!!scatter)
    __scatterload_copy                       0x080001c5   Thumb Code    26  __scatter_copy.o(!!handler_copy)
    __scatterload_zeroinit                   0x080001e1   Thumb Code    28  __scatter_zi.o(!!handler_zi)
    _printf_percent                          0x080001fd   Thumb Code     0  _printf_percent.o(.ARM.Collect$$_printf_percent$$00000000)
    _printf_x                                0x080001fd   Thumb Code     0  _printf_x.o(.ARM.Collect$$_printf_percent$$0000000C)
    _printf_percent_end                      0x08000203   Thumb Code     0  _printf_percent_end.o(.ARM.Collect$$_printf_percent$$00000017)
    __rt_lib_init                            0x08000207   Thumb Code     0  libinit.o(.ARM.Collect$$libinit$$00000000)
    __rt_lib_init_fp_1                       0x08000209   Thumb Code     0  libinit2.o(.ARM.Collect$$libinit$$00000001)
    __rt_lib_init_alloca_1                   0x0800020d   Thumb Code     0  libinit2.o(.ARM.Collect$$libinit$$0000002E)
    __rt_lib_init_argv_1                     0x0800020d   Thumb Code     0  libinit2.o(.ARM.Collect$$libinit$$0000002C)
    __rt_lib_init_atexit_1                   0x0800020d   Thumb Code     0  libinit2.o(.ARM.Collect$$libinit$$0000001B)
    __rt_lib_init_clock_1                    0x0800020d   Thumb Code     0  libinit2.o(.ARM.Collect$$libinit$$00000021)
    __rt_lib_init_cpp_1                      0x0800020d   Thumb Code     0  libinit2.o(.ARM.Collect$$libinit$$00000032)
    __rt_lib_init_exceptions_1               0x0800020d   Thumb Code     0  libinit2.o(.ARM.Collect$$libinit$$00000030)
    __rt_lib_init_fp_trap_1                  0x0800020d   Thumb Code     0  libinit2.o(.ARM.Collect$$libinit$$0000001F)
    __rt_lib_init_getenv_1                   0x0800020d   Thumb Code     0  libinit2.o(.ARM.Collect$$libinit$$00000023)
    __rt_lib_init_heap_1                     0x0800020d   Thumb Code     0  libinit2.o(.ARM.Collect$$libinit$$0000000A)
    __rt_lib_init_lc_collate_1               0x0800020d   Thumb Code     0  libinit2.o(.ARM.Collect$$libinit$$00000011)
    __rt_lib_init_lc_ctype_1                 0x0800020d   Thumb Code     0  libinit2.o(.ARM.Collect$$libinit$$00000013)
    __rt_lib_init_lc_monetary_1              0x0800020d   Thumb Code     0  libinit2.o(.ARM.Collect$$libinit$$00000015)
    __rt_lib_init_lc_numeric_1               0x0800020d   Thumb Code     0  libinit2.o(.ARM.Collect$$libinit$$00000017)
    __rt_lib_init_lc_time_1                  0x0800020d   Thumb Code     0  libinit2.o(.ARM.Collect$$libinit$$00000019)
    __rt_lib_init_preinit_1                  0x0800020d   Thumb Code     0  libinit2.o(.ARM.Collect$$libinit$$00000004)
    __rt_lib_init_rand_1                     0x0800020d   Thumb Code     0  libinit2.o(.ARM.Collect$$libinit$$0000000E)
    __rt_lib_init_return                     0x0800020d   Thumb Code     0  libinit2.o(.ARM.Collect$$libinit$$00000033)
    __rt_lib_init_signal_1                   0x0800020d   Thumb Code     0  libinit2.o(.ARM.Collect$$libinit$$0000001D)
    __rt_lib_init_stdio_1                    0x0800020d   Thumb Code     0  libinit2.o(.ARM.Collect$$libinit$$00000025)
    __rt_lib_init_user_alloc_1               0x0800020d   Thumb Code     0  libinit2.o(.ARM.Collect$$libinit$$0000000C)
    __rt_lib_shutdown                        0x0800020f   Thumb Code     0  libshutdown.o(.ARM.Collect$$libshutdown$$00000000)
    __rt_lib_shutdown_fp_trap_1              0x08000211   Thumb Code     0  libshutdown2.o(.ARM.Collect$$libshutdown$$00000006)
    __rt_lib_shutdown_heap_1                 0x08000211   Thumb Code     0  libshutdown2.o(.ARM.Collect$$libshutdown$$0000000E)
    __rt_lib_shutdown_return                 0x08000211   Thumb Code     0  libshutdown2.o(.ARM.Collect$$libshutdown$$0000000F)
    __rt_lib_shutdown_signal_1               0x08000211   Thumb Code     0  libshutdown2.o(.ARM.Collect$$libshutdown$$00000009)
    __rt_lib_shutdown_stdio_1                0x08000211   Thumb Code     0  libshutdown2.o(.ARM.Collect$$libshutdown$$00000003)
    __rt_lib_shutdown_user_alloc_1           0x08000211   Thumb Code     0  libshutdown2.o(.ARM.Collect$$libshutdown$$0000000B)
    __rt_entry                               0x08000213   Thumb Code     0  __rtentry.o(.ARM.Collect$$rtentry$$00000000)
    __rt_entry_presh_1                       0x08000213   Thumb Code     0  __rtentry2.o(.ARM.Collect$$rtentry$$00000002)
    __rt_entry_sh                            0x08000213   Thumb Code     0  __rtentry4.o(.ARM.Collect$$rtentry$$00000004)
    __rt_entry_li                            0x08000219   Thumb Code     0  __rtentry2.o(.ARM.Collect$$rtentry$$0000000A)
    __rt_entry_postsh_1                      0x08000219   Thumb Code     0  __rtentry2.o(.ARM.Collect$$rtentry$$00000009)
    __rt_entry_main                          0x0800021d   Thumb Code     0  __rtentry2.o(.ARM.Collect$$rtentry$$0000000D)
    __rt_entry_postli_1                      0x0800021d   Thumb Code     0  __rtentry2.o(.ARM.Collect$$rtentry$$0000000C)
    __rt_exit                                0x08000225   Thumb Code     0  rtexit.o(.ARM.Collect$$rtexit$$00000000)
    __rt_exit_ls                             0x08000227   Thumb Code     0  rtexit2.o(.ARM.Collect$$rtexit$$00000003)
    __rt_exit_prels_1                        0x08000227   Thumb Code     0  rtexit2.o(.ARM.Collect$$rtexit$$00000002)
    __rt_exit_exit                           0x0800022b   Thumb Code     0  rtexit2.o(.ARM.Collect$$rtexit$$00000004)
    main                                     0x08000231   Thumb Code  4574  main.o(.text)
    NMI_Handler                              0x08001419   Thumb Code     2  stm32f4xx_it.o(.text)
    HardFault_Handler                        0x0800141b   Thumb Code     4  stm32f4xx_it.o(.text)
    MemManage_Handler                        0x0800141f   Thumb Code     4  stm32f4xx_it.o(.text)
    BusFault_Handler                         0x08001423   Thumb Code     4  stm32f4xx_it.o(.text)
    UsageFault_Handler                       0x08001427   Thumb Code     4  stm32f4xx_it.o(.text)
    SVC_Handler                              0x0800142b   Thumb Code     2  stm32f4xx_it.o(.text)
    DebugMon_Handler                         0x0800142d   Thumb Code     2  stm32f4xx_it.o(.text)
    PendSV_Handler                           0x0800142f   Thumb Code     2  stm32f4xx_it.o(.text)
    SysTick_Handler                          0x08001431   Thumb Code     2  stm32f4xx_it.o(.text)
    SystemInit                               0x08001511   Thumb Code    88  system_stm32f4xx.o(.text)
    SystemCoreClockUpdate                    0x08001569   Thumb Code   174  system_stm32f4xx.o(.text)
    Reset_Handler                            0x08001645   Thumb Code     8  startup_stm32f40_41xxx.o(.text)
    ADC_IRQHandler                           0x0800165f   Thumb Code     0  startup_stm32f40_41xxx.o(.text)
    CAN1_RX0_IRQHandler                      0x0800165f   Thumb Code     0  startup_stm32f40_41xxx.o(.text)
    CAN1_RX1_IRQHandler                      0x0800165f   Thumb Code     0  startup_stm32f40_41xxx.o(.text)
    CAN1_SCE_IRQHandler                      0x0800165f   Thumb Code     0  startup_stm32f40_41xxx.o(.text)
    CAN1_TX_IRQHandler                       0x0800165f   Thumb Code     0  startup_stm32f40_41xxx.o(.text)
    CAN2_RX0_IRQHandler                      0x0800165f   Thumb Code     0  startup_stm32f40_41xxx.o(.text)
    CAN2_RX1_IRQHandler                      0x0800165f   Thumb Code     0  startup_stm32f40_41xxx.o(.text)
    CAN2_SCE_IRQHandler                      0x0800165f   Thumb Code     0  startup_stm32f40_41xxx.o(.text)
    CAN2_TX_IRQHandler                       0x0800165f   Thumb Code     0  startup_stm32f40_41xxx.o(.text)
    CRYP_IRQHandler                          0x0800165f   Thumb Code     0  startup_stm32f40_41xxx.o(.text)
    DCMI_IRQHandler                          0x0800165f   Thumb Code     0  startup_stm32f40_41xxx.o(.text)
    DMA1_Stream0_IRQHandler                  0x0800165f   Thumb Code     0  startup_stm32f40_41xxx.o(.text)
    DMA1_Stream1_IRQHandler                  0x0800165f   Thumb Code     0  startup_stm32f40_41xxx.o(.text)
    DMA1_Stream2_IRQHandler                  0x0800165f   Thumb Code     0  startup_stm32f40_41xxx.o(.text)
    DMA1_Stream3_IRQHandler                  0x0800165f   Thumb Code     0  startup_stm32f40_41xxx.o(.text)
    DMA1_Stream4_IRQHandler                  0x0800165f   Thumb Code     0  startup_stm32f40_41xxx.o(.text)
    DMA1_Stream5_IRQHandler                  0x0800165f   Thumb Code     0  startup_stm32f40_41xxx.o(.text)
    DMA1_Stream6_IRQHandler                  0x0800165f   Thumb Code     0  startup_stm32f40_41xxx.o(.text)
    DMA1_Stream7_IRQHandler                  0x0800165f   Thumb Code     0  startup_stm32f40_41xxx.o(.text)
    DMA2_Stream0_IRQHandler                  0x0800165f   Thumb Code     0  startup_stm32f40_41xxx.o(.text)
    DMA2_Stream1_IRQHandler                  0x0800165f   Thumb Code     0  startup_stm32f40_41xxx.o(.text)
    DMA2_Stream2_IRQHandler                  0x0800165f   Thumb Code     0  startup_stm32f40_41xxx.o(.text)
    DMA2_Stream3_IRQHandler                  0x0800165f   Thumb Code     0  startup_stm32f40_41xxx.o(.text)
    DMA2_Stream4_IRQHandler                  0x0800165f   Thumb Code     0  startup_stm32f40_41xxx.o(.text)
    DMA2_Stream5_IRQHandler                  0x0800165f   Thumb Code     0  startup_stm32f40_41xxx.o(.text)
    DMA2_Stream6_IRQHandler                  0x0800165f   Thumb Code     0  startup_stm32f40_41xxx.o(.text)
    DMA2_Stream7_IRQHandler                  0x0800165f   Thumb Code     0  startup_stm32f40_41xxx.o(.text)
    ETH_IRQHandler                           0x0800165f   Thumb Code     0  startup_stm32f40_41xxx.o(.text)
    ETH_WKUP_IRQHandler                      0x0800165f   Thumb Code     0  startup_stm32f40_41xxx.o(.text)
    EXTI15_10_IRQHandler                     0x0800165f   Thumb Code     0  startup_stm32f40_41xxx.o(.text)
    EXTI2_IRQHandler                         0x0800165f   Thumb Code     0  startup_stm32f40_41xxx.o(.text)
    EXTI3_IRQHandler                         0x0800165f   Thumb Code     0  startup_stm32f40_41xxx.o(.text)
    EXTI4_IRQHandler                         0x0800165f   Thumb Code     0  startup_stm32f40_41xxx.o(.text)
    EXTI9_5_IRQHandler                       0x0800165f   Thumb Code     0  startup_stm32f40_41xxx.o(.text)
    FLASH_IRQHandler                         0x0800165f   Thumb Code     0  startup_stm32f40_41xxx.o(.text)
    FPU_IRQHandler                           0x0800165f   Thumb Code     0  startup_stm32f40_41xxx.o(.text)
    FSMC_IRQHandler                          0x0800165f   Thumb Code     0  startup_stm32f40_41xxx.o(.text)
    HASH_RNG_IRQHandler                      0x0800165f   Thumb Code     0  startup_stm32f40_41xxx.o(.text)
    I2C1_ER_IRQHandler                       0x0800165f   Thumb Code     0  startup_stm32f40_41xxx.o(.text)
    I2C1_EV_IRQHandler                       0x0800165f   Thumb Code     0  startup_stm32f40_41xxx.o(.text)
    I2C2_ER_IRQHandler                       0x0800165f   Thumb Code     0  startup_stm32f40_41xxx.o(.text)
    I2C2_EV_IRQHandler                       0x0800165f   Thumb Code     0  startup_stm32f40_41xxx.o(.text)
    I2C3_ER_IRQHandler                       0x0800165f   Thumb Code     0  startup_stm32f40_41xxx.o(.text)
    I2C3_EV_IRQHandler                       0x0800165f   Thumb Code     0  startup_stm32f40_41xxx.o(.text)
    OTG_FS_IRQHandler                        0x0800165f   Thumb Code     0  startup_stm32f40_41xxx.o(.text)
    OTG_FS_WKUP_IRQHandler                   0x0800165f   Thumb Code     0  startup_stm32f40_41xxx.o(.text)
    OTG_HS_EP1_IN_IRQHandler                 0x0800165f   Thumb Code     0  startup_stm32f40_41xxx.o(.text)
    OTG_HS_EP1_OUT_IRQHandler                0x0800165f   Thumb Code     0  startup_stm32f40_41xxx.o(.text)
    OTG_HS_IRQHandler                        0x0800165f   Thumb Code     0  startup_stm32f40_41xxx.o(.text)
    OTG_HS_WKUP_IRQHandler                   0x0800165f   Thumb Code     0  startup_stm32f40_41xxx.o(.text)
    PVD_IRQHandler                           0x0800165f   Thumb Code     0  startup_stm32f40_41xxx.o(.text)
    RCC_IRQHandler                           0x0800165f   Thumb Code     0  startup_stm32f40_41xxx.o(.text)
    RTC_Alarm_IRQHandler                     0x0800165f   Thumb Code     0  startup_stm32f40_41xxx.o(.text)
    RTC_WKUP_IRQHandler                      0x0800165f   Thumb Code     0  startup_stm32f40_41xxx.o(.text)
    SDIO_IRQHandler                          0x0800165f   Thumb Code     0  startup_stm32f40_41xxx.o(.text)
    SPI1_IRQHandler                          0x0800165f   Thumb Code     0  startup_stm32f40_41xxx.o(.text)
    SPI2_IRQHandler                          0x0800165f   Thumb Code     0  startup_stm32f40_41xxx.o(.text)
    SPI3_IRQHandler                          0x0800165f   Thumb Code     0  startup_stm32f40_41xxx.o(.text)
    TAMP_STAMP_IRQHandler                    0x0800165f   Thumb Code     0  startup_stm32f40_41xxx.o(.text)
    TIM1_BRK_TIM9_IRQHandler                 0x0800165f   Thumb Code     0  startup_stm32f40_41xxx.o(.text)
    TIM1_TRG_COM_TIM11_IRQHandler            0x0800165f   Thumb Code     0  startup_stm32f40_41xxx.o(.text)
    TIM3_IRQHandler                          0x0800165f   Thumb Code     0  startup_stm32f40_41xxx.o(.text)
    TIM4_IRQHandler                          0x0800165f   Thumb Code     0  startup_stm32f40_41xxx.o(.text)
    TIM5_IRQHandler                          0x0800165f   Thumb Code     0  startup_stm32f40_41xxx.o(.text)
    TIM6_DAC_IRQHandler                      0x0800165f   Thumb Code     0  startup_stm32f40_41xxx.o(.text)
    TIM8_BRK_TIM12_IRQHandler                0x0800165f   Thumb Code     0  startup_stm32f40_41xxx.o(.text)
    TIM8_CC_IRQHandler                       0x0800165f   Thumb Code     0  startup_stm32f40_41xxx.o(.text)
    TIM8_TRG_COM_TIM14_IRQHandler            0x0800165f   Thumb Code     0  startup_stm32f40_41xxx.o(.text)
    TIM8_UP_TIM13_IRQHandler                 0x0800165f   Thumb Code     0  startup_stm32f40_41xxx.o(.text)
    UART4_IRQHandler                         0x0800165f   Thumb Code     0  startup_stm32f40_41xxx.o(.text)
    UART5_IRQHandler                         0x0800165f   Thumb Code     0  startup_stm32f40_41xxx.o(.text)
    USART6_IRQHandler                        0x0800165f   Thumb Code     0  startup_stm32f40_41xxx.o(.text)
    WWDG_IRQHandler                          0x0800165f   Thumb Code     0  startup_stm32f40_41xxx.o(.text)
    __user_initial_stackheap                 0x08001661   Thumb Code     0  startup_stm32f40_41xxx.o(.text)
    NVIC_PriorityGroupConfig                 0x08001685   Thumb Code    10  misc.o(.text)
    NVIC_Init                                0x0800168f   Thumb Code   106  misc.o(.text)
    NVIC_SetVectorTable                      0x080016f9   Thumb Code    14  misc.o(.text)
    NVIC_SystemLPConfig                      0x08001707   Thumb Code    34  misc.o(.text)
    SysTick_CLKSourceConfig                  0x08001729   Thumb Code    40  misc.o(.text)
    EXTI_DeInit                              0x08001765   Thumb Code    28  stm32f4xx_exti.o(.text)
    EXTI_Init                                0x08001781   Thumb Code   142  stm32f4xx_exti.o(.text)
    EXTI_StructInit                          0x0800180f   Thumb Code    16  stm32f4xx_exti.o(.text)
    EXTI_GenerateSWInterrupt                 0x0800181f   Thumb Code    16  stm32f4xx_exti.o(.text)
    EXTI_GetFlagStatus                       0x0800182f   Thumb Code    22  stm32f4xx_exti.o(.text)
    EXTI_ClearFlag                           0x08001845   Thumb Code     8  stm32f4xx_exti.o(.text)
    EXTI_GetITStatus                         0x0800184d   Thumb Code    22  stm32f4xx_exti.o(.text)
    EXTI_ClearITPendingBit                   0x08001863   Thumb Code     8  stm32f4xx_exti.o(.text)
    FSMC_NORSRAMDeInit                       0x08001875   Thumb Code    54  stm32f4xx_fsmc.o(.text)
    FSMC_NORSRAMInit                         0x080018ab   Thumb Code   230  stm32f4xx_fsmc.o(.text)
    FSMC_NORSRAMStructInit                   0x08001991   Thumb Code    48  stm32f4xx_fsmc.o(.text)
    FSMC_NORSRAMCmd                          0x080019c1   Thumb Code    46  stm32f4xx_fsmc.o(.text)
    FSMC_NANDDeInit                          0x080019ef   Thumb Code    62  stm32f4xx_fsmc.o(.text)
    FSMC_NANDInit                            0x08001a2d   Thumb Code   132  stm32f4xx_fsmc.o(.text)
    FSMC_NANDStructInit                      0x08001ab1   Thumb Code    54  stm32f4xx_fsmc.o(.text)
    FSMC_NANDCmd                             0x08001ae7   Thumb Code    86  stm32f4xx_fsmc.o(.text)
    FSMC_NANDECCCmd                          0x08001b3d   Thumb Code    86  stm32f4xx_fsmc.o(.text)
    FSMC_GetECC                              0x08001b93   Thumb Code    24  stm32f4xx_fsmc.o(.text)
    FSMC_PCCARDDeInit                        0x08001bab   Thumb Code    36  stm32f4xx_fsmc.o(.text)
    FSMC_PCCARDInit                          0x08001bcf   Thumb Code   130  stm32f4xx_fsmc.o(.text)
    FSMC_PCCARDStructInit                    0x08001c51   Thumb Code    60  stm32f4xx_fsmc.o(.text)
    FSMC_PCCARDCmd                           0x08001c8d   Thumb Code    44  stm32f4xx_fsmc.o(.text)
    FSMC_ITConfig                            0x08001cb9   Thumb Code   128  stm32f4xx_fsmc.o(.text)
    FSMC_GetFlagStatus                       0x08001d39   Thumb Code    54  stm32f4xx_fsmc.o(.text)
    FSMC_ClearFlag                           0x08001d6f   Thumb Code    74  stm32f4xx_fsmc.o(.text)
    FSMC_GetITStatus                         0x08001db9   Thumb Code    62  stm32f4xx_fsmc.o(.text)
    FSMC_ClearITPendingBit                   0x08001df7   Thumb Code    66  stm32f4xx_fsmc.o(.text)
    GPIO_DeInit                              0x08001e3d   Thumb Code   268  stm32f4xx_gpio.o(.text)
    GPIO_Init                                0x08001f49   Thumb Code   144  stm32f4xx_gpio.o(.text)
    GPIO_StructInit                          0x08001fd9   Thumb Code    18  stm32f4xx_gpio.o(.text)
    GPIO_PinLockConfig                       0x08001feb   Thumb Code    34  stm32f4xx_gpio.o(.text)
    GPIO_ReadInputDataBit                    0x0800200d   Thumb Code    18  stm32f4xx_gpio.o(.text)
    GPIO_ReadInputData                       0x0800201f   Thumb Code     8  stm32f4xx_gpio.o(.text)
    GPIO_ReadOutputDataBit                   0x08002027   Thumb Code    18  stm32f4xx_gpio.o(.text)
    GPIO_ReadOutputData                      0x08002039   Thumb Code     8  stm32f4xx_gpio.o(.text)
    GPIO_SetBits                             0x08002041   Thumb Code     4  stm32f4xx_gpio.o(.text)
    GPIO_ResetBits                           0x08002045   Thumb Code     4  stm32f4xx_gpio.o(.text)
    GPIO_WriteBit                            0x08002049   Thumb Code    10  stm32f4xx_gpio.o(.text)
    GPIO_Write                               0x08002053   Thumb Code     4  stm32f4xx_gpio.o(.text)
    GPIO_ToggleBits                          0x08002057   Thumb Code     8  stm32f4xx_gpio.o(.text)
    GPIO_PinAFConfig                         0x0800205f   Thumb Code    70  stm32f4xx_gpio.o(.text)
    RCC_DeInit                               0x080020d1   Thumb Code    82  stm32f4xx_rcc.o(.text)
    RCC_HSEConfig                            0x08002123   Thumb Code    14  stm32f4xx_rcc.o(.text)
    RCC_GetFlagStatus                        0x08002131   Thumb Code    60  stm32f4xx_rcc.o(.text)
    RCC_WaitForHSEStartUp                    0x0800216d   Thumb Code    56  stm32f4xx_rcc.o(.text)
    RCC_AdjustHSICalibrationValue            0x080021a5   Thumb Code    20  stm32f4xx_rcc.o(.text)
    RCC_HSICmd                               0x080021b9   Thumb Code     6  stm32f4xx_rcc.o(.text)
    RCC_LSEConfig                            0x080021bf   Thumb Code    46  stm32f4xx_rcc.o(.text)
    RCC_LSICmd                               0x080021ed   Thumb Code     6  stm32f4xx_rcc.o(.text)
    RCC_PLLConfig                            0x080021f3   Thumb Code    32  stm32f4xx_rcc.o(.text)
    RCC_PLLCmd                               0x08002213   Thumb Code     6  stm32f4xx_rcc.o(.text)
    RCC_PLLI2SConfig                         0x08002219   Thumb Code    14  stm32f4xx_rcc.o(.text)
    RCC_PLLI2SCmd                            0x08002227   Thumb Code     6  stm32f4xx_rcc.o(.text)
    RCC_PLLSAIConfig                         0x0800222d   Thumb Code    20  stm32f4xx_rcc.o(.text)
    RCC_PLLSAICmd                            0x08002241   Thumb Code     6  stm32f4xx_rcc.o(.text)
    RCC_ClockSecuritySystemCmd               0x08002247   Thumb Code     6  stm32f4xx_rcc.o(.text)
    RCC_MCO1Config                           0x0800224d   Thumb Code    28  stm32f4xx_rcc.o(.text)
    RCC_MCO2Config                           0x08002269   Thumb Code    28  stm32f4xx_rcc.o(.text)
    RCC_SYSCLKConfig                         0x08002285   Thumb Code    20  stm32f4xx_rcc.o(.text)
    RCC_GetSYSCLKSource                      0x08002299   Thumb Code    12  stm32f4xx_rcc.o(.text)
    RCC_HCLKConfig                           0x080022a5   Thumb Code    20  stm32f4xx_rcc.o(.text)
    RCC_PCLK1Config                          0x080022b9   Thumb Code    20  stm32f4xx_rcc.o(.text)
    RCC_PCLK2Config                          0x080022cd   Thumb Code    22  stm32f4xx_rcc.o(.text)
    RCC_GetClocksFreq                        0x080022e3   Thumb Code   222  stm32f4xx_rcc.o(.text)
    RCC_RTCCLKConfig                         0x080023c1   Thumb Code    54  stm32f4xx_rcc.o(.text)
    RCC_RTCCLKCmd                            0x080023f7   Thumb Code     8  stm32f4xx_rcc.o(.text)
    RCC_BackupResetCmd                       0x080023ff   Thumb Code     8  stm32f4xx_rcc.o(.text)
    RCC_I2SCLKConfig                         0x08002407   Thumb Code     6  stm32f4xx_rcc.o(.text)
    RCC_SAIPLLI2SClkDivConfig                0x0800240d   Thumb Code    26  stm32f4xx_rcc.o(.text)
    RCC_SAIPLLSAIClkDivConfig                0x08002427   Thumb Code    28  stm32f4xx_rcc.o(.text)
    RCC_SAIBlockACLKConfig                   0x08002443   Thumb Code    20  stm32f4xx_rcc.o(.text)
    RCC_SAIBlockBCLKConfig                   0x08002457   Thumb Code    20  stm32f4xx_rcc.o(.text)
    RCC_LTDCCLKDivConfig                     0x0800246b   Thumb Code    20  stm32f4xx_rcc.o(.text)
    RCC_TIMCLKPresConfig                     0x0800247f   Thumb Code     6  stm32f4xx_rcc.o(.text)
    RCC_AHB1PeriphClockCmd                   0x08002485   Thumb Code    34  stm32f4xx_rcc.o(.text)
    RCC_AHB2PeriphClockCmd                   0x080024a7   Thumb Code    78  stm32f4xx_rcc.o(.text)
    RCC_AHB3PeriphClockCmd                   0x080024f5   Thumb Code    34  stm32f4xx_rcc.o(.text)
    RCC_APB1PeriphClockCmd                   0x08002517   Thumb Code    34  stm32f4xx_rcc.o(.text)
    RCC_APB2PeriphClockCmd                   0x08002539   Thumb Code    34  stm32f4xx_rcc.o(.text)
    RCC_AHB1PeriphResetCmd                   0x0800255b   Thumb Code    34  stm32f4xx_rcc.o(.text)
    RCC_AHB2PeriphResetCmd                   0x0800257d   Thumb Code    34  stm32f4xx_rcc.o(.text)
    RCC_AHB3PeriphResetCmd                   0x0800259f   Thumb Code    34  stm32f4xx_rcc.o(.text)
    RCC_APB1PeriphResetCmd                   0x080025c1   Thumb Code    34  stm32f4xx_rcc.o(.text)
    RCC_APB2PeriphResetCmd                   0x080025e3   Thumb Code    34  stm32f4xx_rcc.o(.text)
    RCC_AHB1PeriphClockLPModeCmd             0x08002605   Thumb Code    34  stm32f4xx_rcc.o(.text)
    RCC_AHB2PeriphClockLPModeCmd             0x08002627   Thumb Code    34  stm32f4xx_rcc.o(.text)
    RCC_AHB3PeriphClockLPModeCmd             0x08002649   Thumb Code    34  stm32f4xx_rcc.o(.text)
    RCC_APB1PeriphClockLPModeCmd             0x0800266b   Thumb Code    34  stm32f4xx_rcc.o(.text)
    RCC_APB2PeriphClockLPModeCmd             0x0800268d   Thumb Code    34  stm32f4xx_rcc.o(.text)
    RCC_LSEModeConfig                        0x080026af   Thumb Code    40  stm32f4xx_rcc.o(.text)
    RCC_ITConfig                             0x080026d7   Thumb Code    34  stm32f4xx_rcc.o(.text)
    RCC_ClearFlag                            0x080026f9   Thumb Code    18  stm32f4xx_rcc.o(.text)
    RCC_GetITStatus                          0x0800270b   Thumb Code    22  stm32f4xx_rcc.o(.text)
    RCC_ClearITPendingBit                    0x08002721   Thumb Code     8  stm32f4xx_rcc.o(.text)
    SYSCFG_DeInit                            0x0800272d   Thumb Code    22  stm32f4xx_syscfg.o(.text)
    SYSCFG_MemoryRemapConfig                 0x08002743   Thumb Code     6  stm32f4xx_syscfg.o(.text)
    SYSCFG_MemorySwappingBank                0x08002749   Thumb Code     6  stm32f4xx_syscfg.o(.text)
    SYSCFG_EXTILineConfig                    0x0800274f   Thumb Code    66  stm32f4xx_syscfg.o(.text)
    SYSCFG_ETH_MediaInterfaceConfig          0x08002791   Thumb Code     8  stm32f4xx_syscfg.o(.text)
    SYSCFG_CompensationCellCmd               0x08002799   Thumb Code     6  stm32f4xx_syscfg.o(.text)
    SYSCFG_GetCompensationCellStatus         0x0800279f   Thumb Code    22  stm32f4xx_syscfg.o(.text)
    TIM_DeInit                               0x080027c1   Thumb Code   346  stm32f4xx_tim.o(.text)
    TIM_TimeBaseInit                         0x0800291b   Thumb Code   104  stm32f4xx_tim.o(.text)
    TIM_TimeBaseStructInit                   0x08002983   Thumb Code    18  stm32f4xx_tim.o(.text)
    TIM_PrescalerConfig                      0x08002995   Thumb Code     6  stm32f4xx_tim.o(.text)
    TIM_CounterModeConfig                    0x0800299b   Thumb Code    18  stm32f4xx_tim.o(.text)
    TIM_SetCounter                           0x080029ad   Thumb Code     4  stm32f4xx_tim.o(.text)
    TIM_SetAutoreload                        0x080029b1   Thumb Code     4  stm32f4xx_tim.o(.text)
    TIM_GetCounter                           0x080029b5   Thumb Code     6  stm32f4xx_tim.o(.text)
    TIM_GetPrescaler                         0x080029bb   Thumb Code     6  stm32f4xx_tim.o(.text)
    TIM_UpdateDisableConfig                  0x080029c1   Thumb Code    24  stm32f4xx_tim.o(.text)
    TIM_UpdateRequestConfig                  0x080029d9   Thumb Code    24  stm32f4xx_tim.o(.text)
    TIM_ARRPreloadConfig                     0x080029f1   Thumb Code    24  stm32f4xx_tim.o(.text)
    TIM_SelectOnePulseMode                   0x08002a09   Thumb Code    18  stm32f4xx_tim.o(.text)
    TIM_SetClockDivision                     0x08002a1b   Thumb Code    18  stm32f4xx_tim.o(.text)
    TIM_Cmd                                  0x08002a2d   Thumb Code    24  stm32f4xx_tim.o(.text)
    TIM_OC1Init                              0x08002a45   Thumb Code   114  stm32f4xx_tim.o(.text)
    TIM_OC2Init                              0x08002ab7   Thumb Code   154  stm32f4xx_tim.o(.text)
    TIM_OC3Init                              0x08002b51   Thumb Code   204  stm32f4xx_tim.o(.text)
    TIM_OC4Init                              0x08002c1d   Thumb Code   112  stm32f4xx_tim.o(.text)
    TIM_OCStructInit                         0x08002c8d   Thumb Code    20  stm32f4xx_tim.o(.text)
    TIM_SelectOCxM                           0x08002ca1   Thumb Code    86  stm32f4xx_tim.o(.text)
    TIM_SetCompare1                          0x08002cf7   Thumb Code     4  stm32f4xx_tim.o(.text)
    TIM_SetCompare2                          0x08002cfb   Thumb Code     4  stm32f4xx_tim.o(.text)
    TIM_SetCompare3                          0x08002cff   Thumb Code     4  stm32f4xx_tim.o(.text)
    TIM_SetCompare4                          0x08002d03   Thumb Code     4  stm32f4xx_tim.o(.text)
    TIM_ForcedOC1Config                      0x08002d07   Thumb Code    18  stm32f4xx_tim.o(.text)
    TIM_ForcedOC2Config                      0x08002d19   Thumb Code    26  stm32f4xx_tim.o(.text)
    TIM_ForcedOC3Config                      0x08002d33   Thumb Code    18  stm32f4xx_tim.o(.text)
    TIM_ForcedOC4Config                      0x08002d45   Thumb Code    26  stm32f4xx_tim.o(.text)
    TIM_OC1PreloadConfig                     0x08002d5f   Thumb Code    18  stm32f4xx_tim.o(.text)
    TIM_OC2PreloadConfig                     0x08002d71   Thumb Code    26  stm32f4xx_tim.o(.text)
    TIM_OC3PreloadConfig                     0x08002d8b   Thumb Code    18  stm32f4xx_tim.o(.text)
    TIM_OC4PreloadConfig                     0x08002d9d   Thumb Code    26  stm32f4xx_tim.o(.text)
    TIM_OC1FastConfig                        0x08002db7   Thumb Code    18  stm32f4xx_tim.o(.text)
    TIM_OC2FastConfig                        0x08002dc9   Thumb Code    26  stm32f4xx_tim.o(.text)
    TIM_OC3FastConfig                        0x08002de3   Thumb Code    18  stm32f4xx_tim.o(.text)
    TIM_OC4FastConfig                        0x08002df5   Thumb Code    26  stm32f4xx_tim.o(.text)
    TIM_ClearOC1Ref                          0x08002e0f   Thumb Code    18  stm32f4xx_tim.o(.text)
    TIM_ClearOC2Ref                          0x08002e21   Thumb Code    24  stm32f4xx_tim.o(.text)
    TIM_ClearOC3Ref                          0x08002e39   Thumb Code    18  stm32f4xx_tim.o(.text)
    TIM_ClearOC4Ref                          0x08002e4b   Thumb Code    24  stm32f4xx_tim.o(.text)
    TIM_OC1PolarityConfig                    0x08002e63   Thumb Code    18  stm32f4xx_tim.o(.text)
    TIM_OC1NPolarityConfig                   0x08002e75   Thumb Code    18  stm32f4xx_tim.o(.text)
    TIM_OC2PolarityConfig                    0x08002e87   Thumb Code    26  stm32f4xx_tim.o(.text)
    TIM_OC2NPolarityConfig                   0x08002ea1   Thumb Code    26  stm32f4xx_tim.o(.text)
    TIM_OC3PolarityConfig                    0x08002ebb   Thumb Code    26  stm32f4xx_tim.o(.text)
    TIM_OC3NPolarityConfig                   0x08002ed5   Thumb Code    26  stm32f4xx_tim.o(.text)
    TIM_OC4PolarityConfig                    0x08002eef   Thumb Code    26  stm32f4xx_tim.o(.text)
    TIM_CCxCmd                               0x08002f09   Thumb Code    30  stm32f4xx_tim.o(.text)
    TIM_CCxNCmd                              0x08002f27   Thumb Code    30  stm32f4xx_tim.o(.text)
    TIM_SetIC4Prescaler                      0x08002f45   Thumb Code    26  stm32f4xx_tim.o(.text)
    TIM_SetIC3Prescaler                      0x08002faf   Thumb Code    18  stm32f4xx_tim.o(.text)
    TIM_SetIC2Prescaler                      0x08003009   Thumb Code    26  stm32f4xx_tim.o(.text)
    TIM_SetIC1Prescaler                      0x0800307d   Thumb Code    18  stm32f4xx_tim.o(.text)
    TIM_ICInit                               0x080030c9   Thumb Code   110  stm32f4xx_tim.o(.text)
    TIM_ICStructInit                         0x08003137   Thumb Code    18  stm32f4xx_tim.o(.text)
    TIM_PWMIConfig                           0x08003149   Thumb Code   124  stm32f4xx_tim.o(.text)
    TIM_GetCapture1                          0x080031c5   Thumb Code     6  stm32f4xx_tim.o(.text)
    TIM_GetCapture2                          0x080031cb   Thumb Code     6  stm32f4xx_tim.o(.text)
    TIM_GetCapture3                          0x080031d1   Thumb Code     6  stm32f4xx_tim.o(.text)
    TIM_GetCapture4                          0x080031d7   Thumb Code     6  stm32f4xx_tim.o(.text)
    TIM_BDTRConfig                           0x080031dd   Thumb Code    32  stm32f4xx_tim.o(.text)
    TIM_BDTRStructInit                       0x080031fd   Thumb Code    18  stm32f4xx_tim.o(.text)
    TIM_CtrlPWMOutputs                       0x0800320f   Thumb Code    30  stm32f4xx_tim.o(.text)
    TIM_SelectCOM                            0x0800322d   Thumb Code    24  stm32f4xx_tim.o(.text)
    TIM_CCPreloadControl                     0x08003245   Thumb Code    24  stm32f4xx_tim.o(.text)
    TIM_ITConfig                             0x0800325d   Thumb Code    18  stm32f4xx_tim.o(.text)
    TIM_GenerateEvent                        0x0800326f   Thumb Code     4  stm32f4xx_tim.o(.text)
    TIM_GetFlagStatus                        0x08003273   Thumb Code    18  stm32f4xx_tim.o(.text)
    TIM_ClearFlag                            0x08003285   Thumb Code     6  stm32f4xx_tim.o(.text)
    TIM_GetITStatus                          0x0800328b   Thumb Code    34  stm32f4xx_tim.o(.text)
    TIM_ClearITPendingBit                    0x080032ad   Thumb Code     6  stm32f4xx_tim.o(.text)
    TIM_DMAConfig                            0x080032b3   Thumb Code    10  stm32f4xx_tim.o(.text)
    TIM_DMACmd                               0x080032bd   Thumb Code    18  stm32f4xx_tim.o(.text)
    TIM_SelectCCDMA                          0x080032cf   Thumb Code    24  stm32f4xx_tim.o(.text)
    TIM_InternalClockConfig                  0x080032e7   Thumb Code    12  stm32f4xx_tim.o(.text)
    TIM_SelectInputTrigger                   0x080032f3   Thumb Code    18  stm32f4xx_tim.o(.text)
    TIM_ITRxExternalClockConfig              0x08003305   Thumb Code    24  stm32f4xx_tim.o(.text)
    TIM_TIxExternalClockConfig               0x0800331d   Thumb Code    62  stm32f4xx_tim.o(.text)
    TIM_ETRConfig                            0x0800335b   Thumb Code    28  stm32f4xx_tim.o(.text)
    TIM_ETRClockMode1Config                  0x08003377   Thumb Code    54  stm32f4xx_tim.o(.text)
    TIM_ETRClockMode2Config                  0x080033ad   Thumb Code    32  stm32f4xx_tim.o(.text)
    TIM_SelectOutputTrigger                  0x080033cd   Thumb Code    18  stm32f4xx_tim.o(.text)
    TIM_SelectSlaveMode                      0x080033df   Thumb Code    18  stm32f4xx_tim.o(.text)
    TIM_SelectMasterSlaveMode                0x080033f1   Thumb Code    18  stm32f4xx_tim.o(.text)
    TIM_EncoderInterfaceConfig               0x08003403   Thumb Code    66  stm32f4xx_tim.o(.text)
    TIM_SelectHallSensor                     0x08003445   Thumb Code    24  stm32f4xx_tim.o(.text)
    TIM_RemapConfig                          0x0800345d   Thumb Code     6  stm32f4xx_tim.o(.text)
    USART_DeInit                             0x08003465   Thumb Code   206  stm32f4xx_usart.o(.text)
    USART_Init                               0x08003533   Thumb Code   204  stm32f4xx_usart.o(.text)
    USART_StructInit                         0x080035ff   Thumb Code    24  stm32f4xx_usart.o(.text)
    USART_ClockInit                          0x08003617   Thumb Code    32  stm32f4xx_usart.o(.text)
    USART_ClockStructInit                    0x08003637   Thumb Code    12  stm32f4xx_usart.o(.text)
    USART_Cmd                                0x08003643   Thumb Code    24  stm32f4xx_usart.o(.text)
    USART_SetPrescaler                       0x0800365b   Thumb Code    16  stm32f4xx_usart.o(.text)
    USART_OverSampling8Cmd                   0x0800366b   Thumb Code    22  stm32f4xx_usart.o(.text)
    USART_OneBitMethodCmd                    0x08003681   Thumb Code    24  stm32f4xx_usart.o(.text)
    USART_SendData                           0x08003699   Thumb Code     8  stm32f4xx_usart.o(.text)
    USART_ReceiveData                        0x080036a1   Thumb Code    10  stm32f4xx_usart.o(.text)
    USART_SetAddress                         0x080036ab   Thumb Code    18  stm32f4xx_usart.o(.text)
    USART_ReceiverWakeUpCmd                  0x080036bd   Thumb Code    24  stm32f4xx_usart.o(.text)
    USART_WakeUpConfig                       0x080036d5   Thumb Code    18  stm32f4xx_usart.o(.text)
    USART_LINBreakDetectLengthConfig         0x080036e7   Thumb Code    18  stm32f4xx_usart.o(.text)
    USART_LINCmd                             0x080036f9   Thumb Code    24  stm32f4xx_usart.o(.text)
    USART_SendBreak                          0x08003711   Thumb Code    10  stm32f4xx_usart.o(.text)
    USART_HalfDuplexCmd                      0x0800371b   Thumb Code    24  stm32f4xx_usart.o(.text)
    USART_SetGuardTime                       0x08003733   Thumb Code    16  stm32f4xx_usart.o(.text)
    USART_SmartCardCmd                       0x08003743   Thumb Code    24  stm32f4xx_usart.o(.text)
    USART_SmartCardNACKCmd                   0x0800375b   Thumb Code    24  stm32f4xx_usart.o(.text)
    USART_IrDAConfig                         0x08003773   Thumb Code    18  stm32f4xx_usart.o(.text)
    USART_IrDACmd                            0x08003785   Thumb Code    24  stm32f4xx_usart.o(.text)
    USART_DMACmd                             0x0800379d   Thumb Code    18  stm32f4xx_usart.o(.text)
    USART_ITConfig                           0x080037af   Thumb Code    74  stm32f4xx_usart.o(.text)
    USART_GetFlagStatus                      0x080037f9   Thumb Code    26  stm32f4xx_usart.o(.text)
    USART_ClearFlag                          0x08003813   Thumb Code    18  stm32f4xx_usart.o(.text)
    USART_GetITStatus                        0x08003825   Thumb Code   118  stm32f4xx_usart.o(.text)
    USART_ClearITPendingBit                  0x0800389b   Thumb Code    30  stm32f4xx_usart.o(.text)
    delay_init                               0x080038b9   Thumb Code    52  delay.o(.text)
    delay_us                                 0x080038ed   Thumb Code    72  delay.o(.text)
    delay_xms                                0x08003935   Thumb Code    72  delay.o(.text)
    delay_ms                                 0x0800397d   Thumb Code    56  delay.o(.text)
    _sys_exit                                0x080039bd   Thumb Code     6  usart.o(.text)
    fputc                                    0x080039c3   Thumb Code    22  usart.o(.text)
    uart_init                                0x080039d9   Thumb Code   488  usart.o(.text)
    USART1_IRQHandler                        0x08003bc1   Thumb Code   178  usart.o(.text)
    USART2_IRQHandler                        0x08003c73   Thumb Code   164  usart.o(.text)
    USART3_IRQHandler                        0x08003d17   Thumb Code   230  usart.o(.text)
    TIM7_Int_Init                            0x08003dfd   Thumb Code    88  timer.o(.text)
    TIM2_Int_Init                            0x08003e55   Thumb Code    92  timer.o(.text)
    TIM7_IRQHandler                          0x08003eb1   Thumb Code   116  timer.o(.text)
    TIM2_IRQHandler                          0x08003f25   Thumb Code   614  timer.o(.text)
    hctl2020_init                            0x080041d5   Thumb Code   178  hctl2020.o(.text)
    HCTL2020_DATA                            0x08004287   Thumb Code   108  hctl2020.o(.text)
    hctl2020_getdata_0                       0x080042f3   Thumb Code   146  hctl2020.o(.text)
    hctl2020_getdata_1                       0x08004385   Thumb Code   144  hctl2020.o(.text)
    hctl2020_getdata_2                       0x08004415   Thumb Code   150  hctl2020.o(.text)
    hctl2020_RST0                            0x080044ab   Thumb Code    26  hctl2020.o(.text)
    hctl2020_RST1                            0x080044c5   Thumb Code    24  hctl2020.o(.text)
    hctl2020_RST2                            0x080044dd   Thumb Code    26  hctl2020.o(.text)
    LCD_WR_REG                               0x08004529   Thumb Code    18  lcd.o(.text)
    LCD_WR_DATA                              0x0800453b   Thumb Code    20  lcd.o(.text)
    LCD_RD_DATA                              0x0800454f   Thumb Code    16  lcd.o(.text)
    LCD_WriteReg                             0x0800455f   Thumb Code    24  lcd.o(.text)
    LCD_ReadReg                              0x08004577   Thumb Code    22  lcd.o(.text)
    LCD_WriteRAM_Prepare                     0x0800458d   Thumb Code    10  lcd.o(.text)
    LCD_WriteRAM                             0x08004597   Thumb Code     8  lcd.o(.text)
    LCD_BGR2RGB                              0x0800459f   Thumb Code    26  lcd.o(.text)
    opt_delay                                0x080045b9   Thumb Code    14  lcd.o(.text)
    LCD_SetCursor                            0x080045c7   Thumb Code   262  lcd.o(.text)
    LCD_ReadPoint                            0x080046cd   Thumb Code   356  lcd.o(.text)
    LCD_DisplayOn                            0x08004831   Thumb Code    80  lcd.o(.text)
    LCD_DisplayOff                           0x08004881   Thumb Code    78  lcd.o(.text)
    LCD_Scan_Dir                             0x080048cf   Thumb Code   688  lcd.o(.text)
    LCD_DrawPoint                            0x08004b7f   Thumb Code    28  lcd.o(.text)
    LCD_Fast_DrawPoint                       0x08004b9b   Thumb Code   282  lcd.o(.text)
    LCD_Display_Dir                          0x08004cb5   Thumb Code   380  lcd.o(.text)
    LCD_Set_Window                           0x08004e31   Thumb Code   382  lcd.o(.text)
    LCD_Clear                                0x08004faf   Thumb Code   100  lcd.o(.text)
    LCD_Init                                 0x08005013   Thumb Code 14232  lcd.o(.text)
    LCD_Fill                                 0x080087ab   Thumb Code   180  lcd.o(.text)
    LCD_Color_Fill                           0x0800885f   Thumb Code    92  lcd.o(.text)
    LCD_DrawLine                             0x080088bb   Thumb Code   176  lcd.o(.text)
    LCD_DrawRectangle                        0x0800896b   Thumb Code    60  lcd.o(.text)
    LCD_Draw_Circle                          0x080089a7   Thumb Code   166  lcd.o(.text)
    LCD_ShowChar                             0x08008a4d   Thumb Code   272  lcd.o(.text)
    LCD_Pow                                  0x08008b5d   Thumb Code    22  lcd.o(.text)
    LCD_ShowNum                              0x08008b73   Thumb Code   148  lcd.o(.text)
    LCD_ShowxNum                             0x08008c07   Thumb Code   190  lcd.o(.text)
    LCD_ShowString                           0x08008cc5   Thumb Code   102  lcd.o(.text)
    LCD_Show_Title                           0x08008d2b   Thumb Code   872  lcd.o(.text)
    LCD_Show_lcj                             0x08009093   Thumb Code   296  lcd.o(.text)
    LCD_Show_v                               0x080091bb   Thumb Code   420  lcd.o(.text)
    LCD_Show_pwm                             0x0800935f   Thumb Code   618  lcd.o(.text)
    LCD_Show_V                               0x080095c9   Thumb Code   512  lcd.o(.text)
    LCD_Show_position                        0x080097c9   Thumb Code   520  lcd.o(.text)
    TIM3_ch4_PWM_Init                        0x080099d1   Thumb Code   152  pwm.o(.text)
    TIM3_ch3_PWM_Init                        0x08009a69   Thumb Code   152  pwm.o(.text)
    TIM3_ch2_PWM_Init                        0x08009b01   Thumb Code   150  pwm.o(.text)
    TIM3_ch1_PWM_Init                        0x08009b97   Thumb Code   150  pwm.o(.text)
    TIM5_ch2_PWM_Init                        0x08009c2d   Thumb Code   148  pwm.o(.text)
    TIM13_ch1_PWM_Init                       0x08009cc1   Thumb Code   150  pwm.o(.text)
    TIM11_ch1_PWM_Init                       0x08009d57   Thumb Code   182  pwm.o(.text)
    TIM10_ch1_PWM_Init                       0x08009e0d   Thumb Code   152  pwm.o(.text)
    TIM9_ch2_PWM_Init                        0x08009ea5   Thumb Code   150  pwm.o(.text)
    TIM9_ch1_PWM_Init                        0x08009f3b   Thumb Code   150  pwm.o(.text)
    initall_PWM                              0x08009fd1   Thumb Code   102  pwm.o(.text)
    doing_PWM                                0x0800a037   Thumb Code   120  pwm.o(.text)
    TIM12_ch1_PWM_Init                       0x0800a0af   Thumb Code   152  pwm.o(.text)
    TIM14_PWM_Init                           0x0800a147   Thumb Code   152  pwm.o(.text)
    TIM4_ch1_PWM_Init                        0x0800a1df   Thumb Code   202  pwm.o(.text)
    TIM4_ch2_PWM_Init                        0x0800a2a9   Thumb Code   150  pwm.o(.text)
    TIM4_ch3_PWM_Init                        0x0800a33f   Thumb Code   152  pwm.o(.text)
    TIM4_ch4_PWM_Init                        0x0800a3d7   Thumb Code   152  pwm.o(.text)
    charge                                   0x0800a479   Thumb Code    26  control.o(.text)
    control3_W                               0x0800a493   Thumb Code    86  control.o(.text)
    control2_W                               0x0800a4e9   Thumb Code    86  control.o(.text)
    control1_W                               0x0800a53f   Thumb Code    86  control.o(.text)
    control_init                             0x0800a595   Thumb Code   196  control.o(.text)
    shot_init                                0x0800a659   Thumb Code    56  control.o(.text)
    xianwei_init                             0x0800a691   Thumb Code    64  control.o(.text)
    hongwai_init                             0x0800a6d1   Thumb Code    44  control.o(.text)
    get_hongwai                              0x0800a6fd   Thumb Code    24  control.o(.text)
    get_hongwai_dixian                       0x0800a715   Thumb Code    54  control.o(.text)
    get_position                             0x0800a74b   Thumb Code   844  control.o(.text)
    set_motor_vx_vy_w                        0x0800aa97   Thumb Code   662  control.o(.text)
    set_motor_vx_vy_w_R                      0x0800ad2d   Thumb Code   432  control.o(.text)
    xianwei_down                             0x0800aedd   Thumb Code    12  control.o(.text)
    xianwei_up                               0x0800aee9   Thumb Code    12  control.o(.text)
    shot                                     0x0800aef5   Thumb Code    72  control.o(.text)
    jixiebi_down                             0x0800af3d   Thumb Code   194  control.o(.text)
    jixiebi_up                               0x0800afff   Thumb Code   186  control.o(.text)
    down_shot_up                             0x0800b0b9   Thumb Code    46  control.o(.text)
    down_shot                                0x0800b0e7   Thumb Code    98  control.o(.text)
    robot_straight_Y                         0x0800b149   Thumb Code   780  control.o(.text)
    robot_turnOrigin_stage                   0x0800b455   Thumb Code   884  control.o(.text)
    robot_certain_point                      0x0800b7c9   Thumb Code  3600  control.o(.text)
    robot_straight_stage                     0x0800c5d9   Thumb Code  1830  control.o(.text)
    uart_getLaser                            0x0800ccff   Thumb Code   520  control.o(.text)
    robot_straight_ObsAvoidance              0x0800cf07   Thumb Code  3158  control.o(.text)
    robot_turnOrigin                         0x0800db5d   Thumb Code   784  control.o(.text)
    robot_straight_I                         0x0800de6d   Thumb Code  1272  control.o(.text)
    getBasketball                            0x0800e365   Thumb Code    12  control.o(.text)
    getVolleyball                            0x0800e371   Thumb Code    12  control.o(.text)
    uart_getData                             0x0800e37d   Thumb Code   456  control.o(.text)
    find_ball                                0x0800e545   Thumb Code  1544  control.o(.text)
    find_ball_sanfen                         0x0800eb4d   Thumb Code  2326  control.o(.text)
    find_ball_laser                          0x0800f463   Thumb Code  1174  control.o(.text)
    find_ball_zhongquan                      0x0800f8f9   Thumb Code  1424  control.o(.text)
    panduan_weizhi                           0x0800fe89   Thumb Code   384  control.o(.text)
    panduan_weizhi2                          0x08010009   Thumb Code   484  control.o(.text)
    panduan_weizhifan                        0x080101ed   Thumb Code   556  control.o(.text)
    panduan_weizhifan2                       0x08010419   Thumb Code   232  control.o(.text)
    find_ball_dixian                         0x08010501   Thumb Code  1522  control.o(.text)
    find_lankuang                            0x08010af3   Thumb Code  1392  control.o(.text)
    go_back                                  0x08011063   Thumb Code   330  control.o(.text)
    remote_control                           0x080111ad   Thumb Code   268  control.o(.text)
    charge_init                              0x080112b9   Thumb Code    56  control.o(.text)
    zhongquanpoint                           0x080112f1   Thumb Code   290  control.o(.text)
    zhongquanpointfan                        0x08011413   Thumb Code   178  control.o(.text)
    sanfenpoint                              0x080114c5   Thumb Code   490  control.o(.text)
    panduan_weizhisanfen                     0x080116af   Thumb Code   416  control.o(.text)
    panduan_weizhisanfenfan                  0x0801184f   Thumb Code   284  control.o(.text)
    LED_Init                                 0x08011985   Thumb Code    60  led.o(.text)
    Remote_Init                              0x080119c5   Thumb Code   218  remote.o(.text)
    TIM1_UP_TIM10_IRQHandler                 0x08011a9f   Thumb Code   112  remote.o(.text)
    TIM1_CC_IRQHandler                       0x08011b0f   Thumb Code   286  remote.o(.text)
    Remote_Scan                              0x08011c2d   Thumb Code   110  remote.o(.text)
    MPU_Init                                 0x08011cb9   Thumb Code   120  mpu6050.o(.text)
    BEEP_Init                                0x08011d35   Thumb Code    60  beep.o(.text)
    EXTIX_Init                               0x08011d75   Thumb Code   140  exti.o(.text)
    EXTIX_Disable                            0x08011e01   Thumb Code   100  exti.o(.text)
    EXTIX_Enable                             0x08011e65   Thumb Code   100  exti.o(.text)
    EXTI0_IRQHandler                         0x08011ec9   Thumb Code    44  exti.o(.text)
    EXTI1_IRQHandler                         0x08011ef5   Thumb Code    44  exti.o(.text)
    __use_no_semihosting                     0x08011f25   Thumb Code     2  use_no_semi_2.o(.text)
    __2printf                                0x08011f29   Thumb Code    20  noretval__2printf.o(.text)
    __printf                                 0x08011f41   Thumb Code   104  __printf.o(.text)
    _printf_int_hex                          0x08011fa9   Thumb Code    84  _printf_hex_int.o(.text)
    _printf_longlong_hex                     0x08011fa9   Thumb Code     0  _printf_hex_int.o(.text)
    __use_two_region_memory                  0x08012001   Thumb Code     2  heapauxi.o(.text)
    __rt_heap_escrow$2region                 0x08012003   Thumb Code     2  heapauxi.o(.text)
    __rt_heap_expand$2region                 0x08012005   Thumb Code     2  heapauxi.o(.text)
    __I$use$semihosting                      0x08012007   Thumb Code     0  use_no_semi.o(.text)
    __use_no_semihosting_swi                 0x08012007   Thumb Code     2  use_no_semi.o(.text)
    __read_errno                             0x08012009   Thumb Code    10  _rserrno.o(.text)
    __set_errno                              0x08012013   Thumb Code    12  _rserrno.o(.text)
    _printf_int_common                       0x0801201f   Thumb Code   178  _printf_intcommon.o(.text)
    _printf_char_file                        0x080120d1   Thumb Code    32  _printf_char_file.o(.text)
    __aeabi_errno_addr                       0x080120f5   Thumb Code     8  rt_errno_addr_intlibspace.o(.text)
    __errno$intlibspace                      0x080120f5   Thumb Code     0  rt_errno_addr_intlibspace.o(.text)
    __rt_errno_addr$intlibspace              0x080120f5   Thumb Code     0  rt_errno_addr_intlibspace.o(.text)
    _printf_char_common                      0x08012107   Thumb Code    32  _printf_char_common.o(.text)
    ferror                                   0x0801212d   Thumb Code     8  ferror.o(.text)
    __user_libspace                          0x08012135   Thumb Code     8  libspace.o(.text)
    __user_perproc_libspace                  0x08012135   Thumb Code     0  libspace.o(.text)
    __user_perthread_libspace                0x08012135   Thumb Code     0  libspace.o(.text)
    __user_setup_stackheap                   0x0801213d   Thumb Code    74  sys_stackheap_outer.o(.text)
    exit                                     0x08012187   Thumb Code    12  exit.o(.text)
    __ARM_fpclassify                         0x08012193   Thumb Code    48  fpclassify.o(i.__ARM_fpclassify)
    __hardfp_atan                            0x080121c9   Thumb Code   622  atan.o(i.__hardfp_atan)
    __hardfp_cos                             0x080124a1   Thumb Code   180  cos.o(i.__hardfp_cos)
    __hardfp_fabs                            0x08012569   Thumb Code    20  fabs.o(i.__hardfp_fabs)
    __hardfp_sin                             0x08012581   Thumb Code   180  sin.o(i.__hardfp_sin)
    __hardfp_sqrt                            0x08012649   Thumb Code   122  sqrt.o(i.__hardfp_sqrt)
    __ieee754_rem_pio2                       0x080126c9   Thumb Code   938  rred.o(i.__ieee754_rem_pio2)
    __kernel_cos                             0x08012b01   Thumb Code   322  cos_i.o(i.__kernel_cos)
    __kernel_poly                            0x08012c71   Thumb Code   248  poly.o(i.__kernel_poly)
    __kernel_sin                             0x08012d69   Thumb Code   280  sin_i.o(i.__kernel_sin)
    __mathlib_dbl_infnan                     0x08012e99   Thumb Code    20  dunder.o(i.__mathlib_dbl_infnan)
    __mathlib_dbl_invalid                    0x08012eb1   Thumb Code    24  dunder.o(i.__mathlib_dbl_invalid)
    __mathlib_dbl_underflow                  0x08012ed1   Thumb Code    24  dunder.o(i.__mathlib_dbl_underflow)
    fabs                                     0x08012ef1   Thumb Code    24  fabs.o(i.fabs)
    __aeabi_dneg                             0x08012f09   Thumb Code     0  basic.o(x$fpl$basic)
    _dneg                                    0x08012f09   Thumb Code     6  basic.o(x$fpl$basic)
    __aeabi_fneg                             0x08012f0f   Thumb Code     0  basic.o(x$fpl$basic)
    _fneg                                    0x08012f0f   Thumb Code     6  basic.o(x$fpl$basic)
    _dabs                                    0x08012f15   Thumb Code     6  basic.o(x$fpl$basic)
    _fabs                                    0x08012f1b   Thumb Code     6  basic.o(x$fpl$basic)
    __aeabi_d2f                              0x08012f21   Thumb Code     0  d2f.o(x$fpl$d2f)
    _d2f                                     0x08012f21   Thumb Code    98  d2f.o(x$fpl$d2f)
    __aeabi_dadd                             0x08012f85   Thumb Code     0  daddsub_clz.o(x$fpl$dadd)
    _dadd                                    0x08012f85   Thumb Code   332  daddsub_clz.o(x$fpl$dadd)
    __fpl_dcmp_Inf                           0x080130d5   Thumb Code    24  dcmpi.o(x$fpl$dcmpinf)
    __aeabi_ddiv                             0x080130ed   Thumb Code     0  ddiv.o(x$fpl$ddiv)
    _ddiv                                    0x080130ed   Thumb Code   552  ddiv.o(x$fpl$ddiv)
    __aeabi_d2iz                             0x0801339d   Thumb Code     0  dfix.o(x$fpl$dfix)
    _dfix                                    0x0801339d   Thumb Code    94  dfix.o(x$fpl$dfix)
    __aeabi_i2d                              0x080133fb   Thumb Code     0  dflt_clz.o(x$fpl$dflt)
    _dflt                                    0x080133fb   Thumb Code    46  dflt_clz.o(x$fpl$dflt)
    __aeabi_ui2d                             0x08013429   Thumb Code     0  dflt_clz.o(x$fpl$dfltu)
    _dfltu                                   0x08013429   Thumb Code    38  dflt_clz.o(x$fpl$dfltu)
    __aeabi_cdcmple                          0x08013451   Thumb Code     0  dleqf.o(x$fpl$dleqf)
    _dcmple                                  0x08013451   Thumb Code   120  dleqf.o(x$fpl$dleqf)
    __fpl_dcmple_InfNaN                      0x080134b3   Thumb Code     0  dleqf.o(x$fpl$dleqf)
    __aeabi_dmul                             0x080134c9   Thumb Code     0  dmul.o(x$fpl$dmul)
    _dmul                                    0x080134c9   Thumb Code   332  dmul.o(x$fpl$dmul)
    __fpl_dnaninf                            0x0801361d   Thumb Code   156  dnaninf.o(x$fpl$dnaninf)
    __fpl_dretinf                            0x080136b9   Thumb Code    12  dretinf.o(x$fpl$dretinf)
    __aeabi_cdrcmple                         0x080136c5   Thumb Code     0  drleqf.o(x$fpl$drleqf)
    _drcmple                                 0x080136c5   Thumb Code   108  drleqf.o(x$fpl$drleqf)
    __aeabi_drsub                            0x08013731   Thumb Code     0  daddsub_clz.o(x$fpl$drsb)
    _drsb                                    0x08013731   Thumb Code    22  daddsub_clz.o(x$fpl$drsb)
    _dsqrt                                   0x08013749   Thumb Code   404  dsqrt_umaal.o(x$fpl$dsqrt)
    __aeabi_dsub                             0x080138e1   Thumb Code     0  daddsub_clz.o(x$fpl$dsub)
    _dsub                                    0x080138e1   Thumb Code   464  daddsub_clz.o(x$fpl$dsub)
    __aeabi_f2d                              0x08013ab5   Thumb Code     0  f2d.o(x$fpl$f2d)
    _f2d                                     0x08013ab5   Thumb Code    86  f2d.o(x$fpl$f2d)
    __fpl_fnaninf                            0x08013b0b   Thumb Code   140  fnaninf.o(x$fpl$fnaninf)
    _fp_init                                 0x08013b97   Thumb Code    10  fpinit.o(x$fpl$fpinit)
    __fplib_config_fpu_vfp                   0x08013b9f   Thumb Code     0  fpinit.o(x$fpl$fpinit)
    __fplib_config_pureend_doubles           0x08013b9f   Thumb Code     0  fpinit.o(x$fpl$fpinit)
    __fpl_fretinf                            0x08013ba1   Thumb Code    10  fretinf.o(x$fpl$fretinf)
    __I$use$fp                               0x08013baa   Number         0  usenofp.o(x$fpl$usenofp)
    FSMC_DefaultTimingStruct                 0x08013bac   Data          28  stm32f4xx_fsmc.o(.constdata)
    asc2_1206                                0x08013bc8   Data        1140  lcd.o(.constdata)
    asc2_1608                                0x0801403c   Data        1520  lcd.o(.constdata)
    asc2_2412                                0x0801462c   Data        3420  lcd.o(.constdata)
    Region$$Table$$Base                      0x08015568   Number         0  anon$$obj.o(Region$$Table)
    Region$$Table$$Limit                     0x08015588   Number         0  anon$$obj.o(Region$$Table)
    zhongquan_case                           0x20000000   Data           1  main.o(.data)
    changdi                                  0x20000001   Data           1  main.o(.data)
    chengxu                                  0x20000002   Data           1  main.o(.data)
    sanfen_case                              0x20000003   Data           1  main.o(.data)
    SystemCoreClock                          0x20000004   Data           4  system_stm32f4xx.o(.data)
    AHBPrescTable                            0x20000008   Data          16  system_stm32f4xx.o(.data)
    __stdout                                 0x2000002c   Data           4  usart.o(.data)
    USART_RX_STA                             0x20000030   Data           2  usart.o(.data)
    USART2_RX_STA                            0x20000032   Data           2  usart.o(.data)
    USART3_RX_STA                            0x20000034   Data           2  usart.o(.data)
    receive                                  0x20000036   Data           1  usart.o(.data)
    End                                      0x20000037   Data           1  usart.o(.data)
    check_sum1                               0x20000038   Data           1  usart.o(.data)
    receive2                                 0x20000039   Data           1  usart.o(.data)
    receive_start                            0x2000003a   Data           1  usart.o(.data)
    usart2_sum                               0x2000003b   Data           1  usart.o(.data)
    receive3                                 0x2000003c   Data           1  usart.o(.data)
    end                                      0x2000003d   Data           1  usart.o(.data)
    check_sum3                               0x2000003e   Data           1  usart.o(.data)
    time_out_flag                            0x2000003f   Data           1  timer.o(.data)
    count                                    0x20000040   Data           1  timer.o(.data)
    counter                                  0x20000041   Data           1  timer.o(.data)
    POINT_COLOR                              0x20000042   Data           2  lcd.o(.data)
    BACK_COLOR                               0x20000044   Data           2  lcd.o(.data)
    uart_data                                0x20000048   Data          12  control.o(.data)
    uart3_data                               0x20000054   Data          12  control.o(.data)
    lankuang_state                           0x20000060   Data           1  control.o(.data)
    RmtSta                                   0x20000064   Data           1  remote.o(.data)
    Dval                                     0x20000066   Data           2  remote.o(.data)
    RmtRec                                   0x20000068   Data           4  remote.o(.data)
    RmtCnt                                   0x2000006c   Data           1  remote.o(.data)
    USART_RX_BUF                             0x20000070   Data         200  usart.o(.bss)
    USART2_RX_BUF                            0x20000138   Data         200  usart.o(.bss)
    USART3_RX_BUF                            0x20000200   Data         200  usart.o(.bss)
    lcddev                                   0x200002c8   Data          14  lcd.o(.bss)
    robot_zqd                                0x200002d8   Data          68  control.o(.bss)
    __libspace_start                         0x2000031c   Data          96  libspace.o(.bss)
    __temporary_stack_top$libspace           0x2000037c   Data           0  libspace.o(.bss)



==============================================================================

Memory Map of the image

  Image Entry point : 0x08000189

  Load Region LR_IROM1 (Base: 0x08000000, Size: 0x000155f8, Max: 0x00100000, ABSOLUTE)

    Execution Region ER_IROM1 (Base: 0x08000000, Size: 0x00015588, Max: 0x00100000, ABSOLUTE)

    Base Addr    Size         Type   Attr      Idx    E Section Name        Object

    0x08000000   0x00000188   Data   RO          246    RESET               startup_stm32f40_41xxx.o
    0x08000188   0x00000008   Code   RO         1605  * !!!main             c_w.l(__main.o)
    0x08000190   0x00000034   Code   RO         1912    !!!scatter          c_w.l(__scatter.o)
    0x080001c4   0x0000001a   Code   RO         1914    !!handler_copy      c_w.l(__scatter_copy.o)
    0x080001de   0x00000002   PAD
    0x080001e0   0x0000001c   Code   RO         1916    !!handler_zi        c_w.l(__scatter_zi.o)
    0x080001fc   0x00000000   Code   RO         1602    .ARM.Collect$$_printf_percent$$00000000  c_w.l(_printf_percent.o)
    0x080001fc   0x00000006   Code   RO         1601    .ARM.Collect$$_printf_percent$$0000000C  c_w.l(_printf_x.o)
    0x08000202   0x00000004   Code   RO         1696    .ARM.Collect$$_printf_percent$$00000017  c_w.l(_printf_percent_end.o)
    0x08000206   0x00000002   Code   RO         1790    .ARM.Collect$$libinit$$00000000  c_w.l(libinit.o)
    0x08000208   0x00000004   Code   RO         1793    .ARM.Collect$$libinit$$00000001  c_w.l(libinit2.o)
    0x0800020c   0x00000000   Code   RO         1796    .ARM.Collect$$libinit$$00000004  c_w.l(libinit2.o)
    0x0800020c   0x00000000   Code   RO         1799    .ARM.Collect$$libinit$$0000000A  c_w.l(libinit2.o)
    0x0800020c   0x00000000   Code   RO         1801    .ARM.Collect$$libinit$$0000000C  c_w.l(libinit2.o)
    0x0800020c   0x00000000   Code   RO         1803    .ARM.Collect$$libinit$$0000000E  c_w.l(libinit2.o)
    0x0800020c   0x00000000   Code   RO         1806    .ARM.Collect$$libinit$$00000011  c_w.l(libinit2.o)
    0x0800020c   0x00000000   Code   RO         1808    .ARM.Collect$$libinit$$00000013  c_w.l(libinit2.o)
    0x0800020c   0x00000000   Code   RO         1810    .ARM.Collect$$libinit$$00000015  c_w.l(libinit2.o)
    0x0800020c   0x00000000   Code   RO         1812    .ARM.Collect$$libinit$$00000017  c_w.l(libinit2.o)
    0x0800020c   0x00000000   Code   RO         1814    .ARM.Collect$$libinit$$00000019  c_w.l(libinit2.o)
    0x0800020c   0x00000000   Code   RO         1816    .ARM.Collect$$libinit$$0000001B  c_w.l(libinit2.o)
    0x0800020c   0x00000000   Code   RO         1818    .ARM.Collect$$libinit$$0000001D  c_w.l(libinit2.o)
    0x0800020c   0x00000000   Code   RO         1820    .ARM.Collect$$libinit$$0000001F  c_w.l(libinit2.o)
    0x0800020c   0x00000000   Code   RO         1822    .ARM.Collect$$libinit$$00000021  c_w.l(libinit2.o)
    0x0800020c   0x00000000   Code   RO         1824    .ARM.Collect$$libinit$$00000023  c_w.l(libinit2.o)
    0x0800020c   0x00000000   Code   RO         1826    .ARM.Collect$$libinit$$00000025  c_w.l(libinit2.o)
    0x0800020c   0x00000000   Code   RO         1830    .ARM.Collect$$libinit$$0000002C  c_w.l(libinit2.o)
    0x0800020c   0x00000000   Code   RO         1832    .ARM.Collect$$libinit$$0000002E  c_w.l(libinit2.o)
    0x0800020c   0x00000000   Code   RO         1834    .ARM.Collect$$libinit$$00000030  c_w.l(libinit2.o)
    0x0800020c   0x00000000   Code   RO         1836    .ARM.Collect$$libinit$$00000032  c_w.l(libinit2.o)
    0x0800020c   0x00000002   Code   RO         1837    .ARM.Collect$$libinit$$00000033  c_w.l(libinit2.o)
    0x0800020e   0x00000002   Code   RO         1855    .ARM.Collect$$libshutdown$$00000000  c_w.l(libshutdown.o)
    0x08000210   0x00000000   Code   RO         1866    .ARM.Collect$$libshutdown$$00000003  c_w.l(libshutdown2.o)
    0x08000210   0x00000000   Code   RO         1869    .ARM.Collect$$libshutdown$$00000006  c_w.l(libshutdown2.o)
    0x08000210   0x00000000   Code   RO         1872    .ARM.Collect$$libshutdown$$00000009  c_w.l(libshutdown2.o)
    0x08000210   0x00000000   Code   RO         1874    .ARM.Collect$$libshutdown$$0000000B  c_w.l(libshutdown2.o)
    0x08000210   0x00000000   Code   RO         1877    .ARM.Collect$$libshutdown$$0000000E  c_w.l(libshutdown2.o)
    0x08000210   0x00000002   Code   RO         1878    .ARM.Collect$$libshutdown$$0000000F  c_w.l(libshutdown2.o)
    0x08000212   0x00000000   Code   RO         1689    .ARM.Collect$$rtentry$$00000000  c_w.l(__rtentry.o)
    0x08000212   0x00000000   Code   RO         1747    .ARM.Collect$$rtentry$$00000002  c_w.l(__rtentry2.o)
    0x08000212   0x00000006   Code   RO         1759    .ARM.Collect$$rtentry$$00000004  c_w.l(__rtentry4.o)
    0x08000218   0x00000000   Code   RO         1749    .ARM.Collect$$rtentry$$00000009  c_w.l(__rtentry2.o)
    0x08000218   0x00000004   Code   RO         1750    .ARM.Collect$$rtentry$$0000000A  c_w.l(__rtentry2.o)
    0x0800021c   0x00000000   Code   RO         1752    .ARM.Collect$$rtentry$$0000000C  c_w.l(__rtentry2.o)
    0x0800021c   0x00000008   Code   RO         1753    .ARM.Collect$$rtentry$$0000000D  c_w.l(__rtentry2.o)
    0x08000224   0x00000002   Code   RO         1791    .ARM.Collect$$rtexit$$00000000  c_w.l(rtexit.o)
    0x08000226   0x00000000   Code   RO         1839    .ARM.Collect$$rtexit$$00000002  c_w.l(rtexit2.o)
    0x08000226   0x00000004   Code   RO         1840    .ARM.Collect$$rtexit$$00000003  c_w.l(rtexit2.o)
    0x0800022a   0x00000006   Code   RO         1841    .ARM.Collect$$rtexit$$00000004  c_w.l(rtexit2.o)
    0x08000230   0x000011e8   Code   RO            4    .text               main.o
    0x08001418   0x0000001a   Code   RO          190    .text               stm32f4xx_it.o
    0x08001432   0x00000002   PAD
    0x08001434   0x00000210   Code   RO          217    .text               system_stm32f4xx.o
    0x08001644   0x00000040   Code   RO          247    .text               startup_stm32f40_41xxx.o
    0x08001684   0x000000e0   Code   RO          254    .text               misc.o
    0x08001764   0x00000110   Code   RO          595    .text               stm32f4xx_exti.o
    0x08001874   0x000005c8   Code   RO          670    .text               stm32f4xx_fsmc.o
    0x08001e3c   0x00000294   Code   RO          697    .text               stm32f4xx_gpio.o
    0x080020d0   0x0000065c   Code   RO          892    .text               stm32f4xx_rcc.o
    0x0800272c   0x00000094   Code   RO         1041    .text               stm32f4xx_syscfg.o
    0x080027c0   0x00000ca2   Code   RO         1065    .text               stm32f4xx_tim.o
    0x08003462   0x00000002   PAD
    0x08003464   0x00000454   Code   RO         1089    .text               stm32f4xx_usart.o
    0x080038b8   0x00000104   Code   RO         1137    .text               delay.o
    0x080039bc   0x00000440   Code   RO         1185    .text               usart.o
    0x08003dfc   0x000003d8   Code   RO         1220    .text               timer.o
    0x080041d4   0x00000354   Code   RO         1266    .text               hctl2020.o
    0x08004528   0x000054a8   Code   RO         1290    .text               lcd.o
    0x080099d0   0x00000aa8   Code   RO         1325    .text               pwm.o
    0x0800a478   0x0000750c   Code   RO         1349    .text               control.o
    0x08011984   0x00000040   Code   RO         1399    .text               led.o
    0x080119c4   0x000002f4   Code   RO         1451    .text               remote.o
    0x08011cb8   0x0000007c   Code   RO         1481    .text               mpu6050.o
    0x08011d34   0x00000040   Code   RO         1505    .text               beep.o
    0x08011d74   0x000001b0   Code   RO         1529    .text               exti.o
    0x08011f24   0x00000002   Code   RO         1552    .text               c_w.l(use_no_semi_2.o)
    0x08011f26   0x00000002   PAD
    0x08011f28   0x00000018   Code   RO         1556    .text               c_w.l(noretval__2printf.o)
    0x08011f40   0x00000068   Code   RO         1558    .text               c_w.l(__printf.o)
    0x08011fa8   0x00000058   Code   RO         1563    .text               c_w.l(_printf_hex_int.o)
    0x08012000   0x00000006   Code   RO         1603    .text               c_w.l(heapauxi.o)
    0x08012006   0x00000002   Code   RO         1687    .text               c_w.l(use_no_semi.o)
    0x08012008   0x00000016   Code   RO         1690    .text               c_w.l(_rserrno.o)
    0x0801201e   0x000000b2   Code   RO         1692    .text               c_w.l(_printf_intcommon.o)
    0x080120d0   0x00000024   Code   RO         1694    .text               c_w.l(_printf_char_file.o)
    0x080120f4   0x00000008   Code   RO         1764    .text               c_w.l(rt_errno_addr_intlibspace.o)
    0x080120fc   0x00000030   Code   RO         1766    .text               c_w.l(_printf_char_common.o)
    0x0801212c   0x00000008   Code   RO         1768    .text               c_w.l(ferror.o)
    0x08012134   0x00000008   Code   RO         1776    .text               c_w.l(libspace.o)
    0x0801213c   0x0000004a   Code   RO         1779    .text               c_w.l(sys_stackheap_outer.o)
    0x08012186   0x0000000c   Code   RO         1783    .text               c_w.l(exit.o)
    0x08012192   0x00000030   Code   RO         1731    i.__ARM_fpclassify  m_wm.l(fpclassify.o)
    0x080121c2   0x00000006   PAD
    0x080121c8   0x000002d8   Code   RO         1631    i.__hardfp_atan     m_wm.l(atan.o)
    0x080124a0   0x000000c8   Code   RO         1645    i.__hardfp_cos      m_wm.l(cos.o)
    0x08012568   0x00000014   Code   RO         1657    i.__hardfp_fabs     m_wm.l(fabs.o)
    0x0801257c   0x00000004   PAD
    0x08012580   0x000000c8   Code   RO         1663    i.__hardfp_sin      m_wm.l(sin.o)
    0x08012648   0x0000007a   Code   RO         1675    i.__hardfp_sqrt     m_wm.l(sqrt.o)
    0x080126c2   0x00000006   PAD
    0x080126c8   0x00000438   Code   RO         1735    i.__ieee754_rem_pio2  m_wm.l(rred.o)
    0x08012b00   0x00000170   Code   RO         1714    i.__kernel_cos      m_wm.l(cos_i.o)
    0x08012c70   0x000000f8   Code   RO         1733    i.__kernel_poly     m_wm.l(poly.o)
    0x08012d68   0x00000130   Code   RO         1740    i.__kernel_sin      m_wm.l(sin_i.o)
    0x08012e98   0x00000014   Code   RO         1718    i.__mathlib_dbl_infnan  m_wm.l(dunder.o)
    0x08012eac   0x00000004   PAD
    0x08012eb0   0x00000020   Code   RO         1720    i.__mathlib_dbl_invalid  m_wm.l(dunder.o)
    0x08012ed0   0x00000020   Code   RO         1723    i.__mathlib_dbl_underflow  m_wm.l(dunder.o)
    0x08012ef0   0x00000018   Code   RO         1659    i.fabs              m_wm.l(fabs.o)
    0x08012f08   0x00000018   Code   RO         1607    x$fpl$basic         fz_wm.l(basic.o)
    0x08012f20   0x00000062   Code   RO         1609    x$fpl$d2f           fz_wm.l(d2f.o)
    0x08012f82   0x00000002   PAD
    0x08012f84   0x00000150   Code   RO         1611    x$fpl$dadd          fz_wm.l(daddsub_clz.o)
    0x080130d4   0x00000018   Code   RO         1697    x$fpl$dcmpinf       fz_wm.l(dcmpi.o)
    0x080130ec   0x000002b0   Code   RO         1700    x$fpl$ddiv          fz_wm.l(ddiv.o)
    0x0801339c   0x0000005e   Code   RO         1772    x$fpl$dfix          fz_wm.l(dfix.o)
    0x080133fa   0x0000002e   Code   RO         1618    x$fpl$dflt          fz_wm.l(dflt_clz.o)
    0x08013428   0x00000026   Code   RO         1617    x$fpl$dfltu         fz_wm.l(dflt_clz.o)
    0x0801344e   0x00000002   PAD
    0x08013450   0x00000078   Code   RO         1623    x$fpl$dleqf         fz_wm.l(dleqf.o)
    0x080134c8   0x00000154   Code   RO         1625    x$fpl$dmul          fz_wm.l(dmul.o)
    0x0801361c   0x0000009c   Code   RO         1703    x$fpl$dnaninf       fz_wm.l(dnaninf.o)
    0x080136b8   0x0000000c   Code   RO         1705    x$fpl$dretinf       fz_wm.l(dretinf.o)
    0x080136c4   0x0000006c   Code   RO         1627    x$fpl$drleqf        fz_wm.l(drleqf.o)
    0x08013730   0x00000016   Code   RO         1612    x$fpl$drsb          fz_wm.l(daddsub_clz.o)
    0x08013746   0x00000002   PAD
    0x08013748   0x00000198   Code   RO         1707    x$fpl$dsqrt         fz_wm.l(dsqrt_umaal.o)
    0x080138e0   0x000001d4   Code   RO         1613    x$fpl$dsub          fz_wm.l(daddsub_clz.o)
    0x08013ab4   0x00000056   Code   RO         1629    x$fpl$f2d           fz_wm.l(f2d.o)
    0x08013b0a   0x0000008c   Code   RO         1709    x$fpl$fnaninf       fz_wm.l(fnaninf.o)
    0x08013b96   0x0000000a   Code   RO         1847    x$fpl$fpinit        fz_wm.l(fpinit.o)
    0x08013ba0   0x0000000a   Code   RO         1711    x$fpl$fretinf       fz_wm.l(fretinf.o)
    0x08013baa   0x00000000   Code   RO         1713    x$fpl$usenofp       fz_wm.l(usenofp.o)
    0x08013baa   0x00000002   PAD
    0x08013bac   0x0000001c   Data   RO          671    .constdata          stm32f4xx_fsmc.o
    0x08013bc8   0x000017c0   Data   RO         1292    .constdata          lcd.o
    0x08015388   0x00000028   Data   RO         1564    .constdata          c_w.l(_printf_hex_int.o)
    0x080153b0   0x00000098   Data   RO         1634    .constdata          m_wm.l(atan.o)
    0x08015448   0x00000030   Data   RO         1715    .constdata          m_wm.l(cos_i.o)
    0x08015478   0x000000c8   Data   RO         1737    .constdata          m_wm.l(rred.o)
    0x08015540   0x00000028   Data   RO         1741    .constdata          m_wm.l(sin_i.o)
    0x08015568   0x00000020   Data   RO         1910    Region$$Table       anon$$obj.o


    Execution Region RW_IRAM1 (Base: 0x20000000, Size: 0x00000980, Max: 0x00020000, ABSOLUTE)

    Base Addr    Size         Type   Attr      Idx    E Section Name        Object

    0x20000000   0x00000004   Data   RW            5    .data               main.o
    0x20000004   0x00000014   Data   RW          218    .data               system_stm32f4xx.o
    0x20000018   0x00000010   Data   RW          893    .data               stm32f4xx_rcc.o
    0x20000028   0x00000004   Data   RW         1138    .data               delay.o
    0x2000002c   0x00000013   Data   RW         1187    .data               usart.o
    0x2000003f   0x00000003   Data   RW         1222    .data               timer.o
    0x20000042   0x00000004   Data   RW         1293    .data               lcd.o
    0x20000046   0x00000002   PAD
    0x20000048   0x00000019   Data   RW         1351    .data               control.o
    0x20000061   0x00000003   PAD
    0x20000064   0x00000009   Data   RW         1452    .data               remote.o
    0x2000006d   0x00000003   PAD
    0x20000070   0x00000258   Zero   RW         1186    .bss                usart.o
    0x200002c8   0x0000000e   Zero   RW         1291    .bss                lcd.o
    0x200002d6   0x00000002   PAD
    0x200002d8   0x00000044   Zero   RW         1350    .bss                control.o
    0x2000031c   0x00000060   Zero   RW         1777    .bss                c_w.l(libspace.o)
    0x2000037c   0x00000004   PAD
    0x20000380   0x00000200   Zero   RW          245    HEAP                startup_stm32f40_41xxx.o
    0x20000580   0x00000400   Zero   RW          244    STACK               startup_stm32f40_41xxx.o


==============================================================================

Image component sizes


      Code (inc. data)   RO Data    RW Data    ZI Data      Debug   Object Name

        64          4          0          0          0        508   beep.o
     29964       1584          0         25         68      25775   control.o
       260          8          0          4          0       1393   delay.o
       432          4          0          0          0       1430   exti.o
       852         50          0          0          0       2157   hctl2020.o
     21672        542       6080          4         14      23986   lcd.o
        64          4          0          0          0        503   led.o
      4584        442          0          4          0     290588   main.o
       224         20          0          0          0     233185   misc.o
       124          4          0          0          0        527   mpu6050.o
      2728         88          0          0          0       7233   pwm.o
       756         30          0          9          0       1746   remote.o
        64         26        392          0       1536        816   startup_stm32f40_41xxx.o
       272         10          0          0          0       2219   stm32f4xx_exti.o
      1480         18         28          0          0       5550   stm32f4xx_fsmc.o
       660         44          0          0          0       4049   stm32f4xx_gpio.o
        26          0          0          0          0       1202   stm32f4xx_it.o
      1628         52          0         16          0      12816   stm32f4xx_rcc.o
       148         12          0          0          0       1821   stm32f4xx_syscfg.o
      3234         60          0          0          0      22256   stm32f4xx_tim.o
      1108         34          0          0          0       7752   stm32f4xx_usart.o
       528         46          0         20          0       1711   system_stm32f4xx.o
       984         74          0          3          0       2448   timer.o
      1088         78          0         19        600       4567   usart.o

    ----------------------------------------------------------------------
     72948       3234       6532        112       2220     656238   Object Totals
         0          0         32          0          0          0   (incl. Generated)
         4          0          0          8          2          0   (incl. Padding)

    ----------------------------------------------------------------------

      Code (inc. data)   RO Data    RW Data    ZI Data      Debug   Library Member Name

         8          0          0          0          0         68   __main.o
       104          0          0          0          0         84   __printf.o
         0          0          0          0          0          0   __rtentry.o
        12          0          0          0          0          0   __rtentry2.o
         6          0          0          0          0          0   __rtentry4.o
        52          8          0          0          0          0   __scatter.o
        26          0          0          0          0          0   __scatter_copy.o
        28          0          0          0          0          0   __scatter_zi.o
        48          6          0          0          0         96   _printf_char_common.o
        36          4          0          0          0         80   _printf_char_file.o
        88          4         40          0          0         88   _printf_hex_int.o
       178          0          0          0          0         88   _printf_intcommon.o
         0          0          0          0          0          0   _printf_percent.o
         4          0          0          0          0          0   _printf_percent_end.o
         6          0          0          0          0          0   _printf_x.o
        22          0          0          0          0        100   _rserrno.o
        12          0          0          0          0         72   exit.o
         8          0          0          0          0         68   ferror.o
         6          0          0          0          0        152   heapauxi.o
         2          0          0          0          0          0   libinit.o
         6          0          0          0          0          0   libinit2.o
         2          0          0          0          0          0   libshutdown.o
         2          0          0          0          0          0   libshutdown2.o
         8          4          0          0         96         68   libspace.o
        24          4          0          0          0         84   noretval__2printf.o
         8          4          0          0          0         68   rt_errno_addr_intlibspace.o
         2          0          0          0          0          0   rtexit.o
        10          0          0          0          0          0   rtexit2.o
        74          0          0          0          0         80   sys_stackheap_outer.o
         2          0          0          0          0         68   use_no_semi.o
         2          0          0          0          0         68   use_no_semi_2.o
        24          0          0          0          0        164   basic.o
        98          4          0          0          0        140   d2f.o
       826         16          0          0          0        492   daddsub_clz.o
        24          0          0          0          0        116   dcmpi.o
       688        140          0          0          0        256   ddiv.o
        94          4          0          0          0        140   dfix.o
        84          0          0          0          0        232   dflt_clz.o
       120          4          0          0          0        140   dleqf.o
       340         12          0          0          0        152   dmul.o
       156          4          0          0          0        140   dnaninf.o
        12          0          0          0          0        116   dretinf.o
       108          0          0          0          0        128   drleqf.o
       408         56          0          0          0        168   dsqrt_umaal.o
        86          4          0          0          0        132   f2d.o
       140          4          0          0          0        132   fnaninf.o
        10          0          0          0          0        116   fpinit.o
        10          0          0          0          0        116   fretinf.o
         0          0          0          0          0          0   usenofp.o
       728        106        152          0          0        228   atan.o
       200         20          0          0          0        164   cos.o
       368         46         48          0          0        200   cos_i.o
        84         16          0          0          0        372   dunder.o
        44          0          0          0          0        248   fabs.o
        48          0          0          0          0        124   fpclassify.o
       248          0          0          0          0        152   poly.o
      1080        142        200          0          0        188   rred.o
       200         20          0          0          0        164   sin.o
       304         24         40          0          0        208   sin_i.o
       122          0          0          0          0        148   sqrt.o

    ----------------------------------------------------------------------
      7472        656        480          0        100       6408   Library Totals
        32          0          0          0          4          0   (incl. Padding)

    ----------------------------------------------------------------------

      Code (inc. data)   RO Data    RW Data    ZI Data      Debug   Library Name

       786         34         40          0         96       1332   c_w.l
      3228        248          0          0          0       2880   fz_wm.l
      3426        374        440          0          0       2196   m_wm.l

    ----------------------------------------------------------------------
      7472        656        480          0        100       6408   Library Totals

    ----------------------------------------------------------------------

==============================================================================


      Code (inc. data)   RO Data    RW Data    ZI Data      Debug   

     80420       3890       7012        112       2320     654322   Grand Totals
     80420       3890       7012        112       2320     654322   ELF Image Totals
     80420       3890       7012        112          0          0   ROM Totals

==============================================================================

    Total RO  Size (Code + RO Data)                87432 (  85.38kB)
    Total RW  Size (RW Data + ZI Data)              2432 (   2.38kB)
    Total ROM Size (Code + RO Data + RW Data)      87544 (  85.49kB)

==============================================================================

